------------------------------------------------------------
TimeQuest Timing Analyzer Summary
------------------------------------------------------------

Type  : Slow 1200mV 85C Model Setup 'CLK'
Slack : -0.135
TNS   : -0.135

Type  : Slow 1200mV 85C Model Setup 'inst1'
Slack : 0.081
TNS   : 0.000

Type  : Slow 1200mV 85C Model Setup 'inst'
Slack : 0.162
TNS   : 0.000

Type  : Slow 1200mV 85C Model Hold 'inst'
Slack : 0.050
TNS   : 0.000

Type  : Slow 1200mV 85C Model Hold 'CLK'
Slack : 0.051
TNS   : 0.000

Type  : Slow 1200mV 85C Model Hold 'inst1'
Slack : 0.464
TNS   : 0.000

Type  : Slow 1200mV 85C Model Minimum Pulse Width 'CLK'
Slack : -3.000
TNS   : -4.487

Type  : Slow 1200mV 85C Model Minimum Pulse Width 'inst'
Slack : -1.487
TNS   : -1.487

Type  : Slow 1200mV 85C Model Minimum Pulse Width 'inst1'
Slack : -1.487
TNS   : -1.487

Type  : Slow 1200mV 0C Model Setup 'CLK'
Slack : -0.072
TNS   : -0.072

Type  : Slow 1200mV 0C Model Setup 'inst'
Slack : 0.181
TNS   : 0.000

Type  : Slow 1200mV 0C Model Setup 'inst1'
Slack : 0.181
TNS   : 0.000

Type  : Slow 1200mV 0C Model Hold 'CLK'
Slack : 0.037
TNS   : 0.000

Type  : Slow 1200mV 0C Model Hold 'inst'
Slack : 0.067
TNS   : 0.000

Type  : Slow 1200mV 0C Model Hold 'inst1'
Slack : 0.418
TNS   : 0.000

Type  : Slow 1200mV 0C Model Minimum Pulse Width 'CLK'
Slack : -3.000
TNS   : -4.487

Type  : Slow 1200mV 0C Model Minimum Pulse Width 'inst'
Slack : -1.487
TNS   : -1.487

Type  : Slow 1200mV 0C Model Minimum Pulse Width 'inst1'
Slack : -1.487
TNS   : -1.487

Type  : Fast 1200mV 0C Model Setup 'CLK'
Slack : 0.314
TNS   : 0.000

Type  : Fast 1200mV 0C Model Setup 'inst'
Slack : 0.393
TNS   : 0.000

Type  : Fast 1200mV 0C Model Setup 'inst1'
Slack : 0.609
TNS   : 0.000

Type  : Fast 1200mV 0C Model Hold 'CLK'
Slack : -0.077
TNS   : -0.077

Type  : Fast 1200mV 0C Model Hold 'inst'
Slack : -0.026
TNS   : -0.026

Type  : Fast 1200mV 0C Model Hold 'inst1'
Slack : 0.191
TNS   : 0.000

Type  : Fast 1200mV 0C Model Minimum Pulse Width 'CLK'
Slack : -3.000
TNS   : -4.037

Type  : Fast 1200mV 0C Model Minimum Pulse Width 'inst'
Slack : -1.000
TNS   : -1.000

Type  : Fast 1200mV 0C Model Minimum Pulse Width 'inst1'
Slack : -1.000
TNS   : -1.000

------------------------------------------------------------
