------------------------------------------------------------
TimeQuest Timing Analyzer Summary
------------------------------------------------------------

Type  : Slow 1200mV 85C Model Setup 'inst|altpll_component|auto_generated|pll1|clk[0]'
Slack : -6.696
TNS   : -28.973

Type  : Slow 1200mV 85C Model Setup 'Core_Calculator:inst3|key:inst|keyboard:inst1|reg_clk_scan'
Slack : -0.853
TNS   : -3.028

Type  : Slow 1200mV 85C Model Hold 'Core_Calculator:inst3|key:inst|keyboard:inst1|reg_clk_scan'
Slack : -0.769
TNS   : -2.953

Type  : Slow 1200mV 85C Model Hold 'inst|altpll_component|auto_generated|pll1|clk[0]'
Slack : -0.261
TNS   : -0.519

Type  : Slow 1200mV 85C Model Minimum Pulse Width 'Core_Calculator:inst3|key:inst|keyboard:inst1|reg_clk_scan'
Slack : -1.487
TNS   : -5.948

Type  : Slow 1200mV 85C Model Minimum Pulse Width 'Core_Calculator:inst3|key:inst|keyboard:inst1|reg_clk_debounce'
Slack : -1.487
TNS   : -1.487

Type  : Slow 1200mV 85C Model Minimum Pulse Width 'CLK'
Slack : 9.916
TNS   : 0.000

Type  : Slow 1200mV 85C Model Minimum Pulse Width 'inst|altpll_component|auto_generated|pll1|clk[0]'
Slack : 49999.720
TNS   : 0.000

Type  : Slow 1200mV 0C Model Setup 'inst|altpll_component|auto_generated|pll1|clk[0]'
Slack : -6.062
TNS   : -25.483

Type  : Slow 1200mV 0C Model Setup 'Core_Calculator:inst3|key:inst|keyboard:inst1|reg_clk_scan'
Slack : -0.684
TNS   : -2.367

Type  : Slow 1200mV 0C Model Hold 'Core_Calculator:inst3|key:inst|keyboard:inst1|reg_clk_scan'
Slack : -0.626
TNS   : -2.390

Type  : Slow 1200mV 0C Model Hold 'inst|altpll_component|auto_generated|pll1|clk[0]'
Slack : -0.402
TNS   : -0.802

Type  : Slow 1200mV 0C Model Minimum Pulse Width 'Core_Calculator:inst3|key:inst|keyboard:inst1|reg_clk_scan'
Slack : -1.487
TNS   : -5.948

Type  : Slow 1200mV 0C Model Minimum Pulse Width 'Core_Calculator:inst3|key:inst|keyboard:inst1|reg_clk_debounce'
Slack : -1.487
TNS   : -1.487

Type  : Slow 1200mV 0C Model Minimum Pulse Width 'CLK'
Slack : 9.900
TNS   : 0.000

Type  : Slow 1200mV 0C Model Minimum Pulse Width 'inst|altpll_component|auto_generated|pll1|clk[0]'
Slack : 49999.717
TNS   : 0.000

Type  : Fast 1200mV 0C Model Setup 'inst|altpll_component|auto_generated|pll1|clk[0]'
Slack : -2.500
TNS   : -10.019

Type  : Fast 1200mV 0C Model Setup 'Core_Calculator:inst3|key:inst|keyboard:inst1|reg_clk_scan'
Slack : 0.212
TNS   : 0.000

Type  : Fast 1200mV 0C Model Hold 'Core_Calculator:inst3|key:inst|keyboard:inst1|reg_clk_scan'
Slack : -0.512
TNS   : -1.963

Type  : Fast 1200mV 0C Model Hold 'inst|altpll_component|auto_generated|pll1|clk[0]'
Slack : -0.066
TNS   : -0.131

Type  : Fast 1200mV 0C Model Minimum Pulse Width 'Core_Calculator:inst3|key:inst|keyboard:inst1|reg_clk_scan'
Slack : -1.000
TNS   : -4.000

Type  : Fast 1200mV 0C Model Minimum Pulse Width 'Core_Calculator:inst3|key:inst|keyboard:inst1|reg_clk_debounce'
Slack : -1.000
TNS   : -1.000

Type  : Fast 1200mV 0C Model Minimum Pulse Width 'CLK'
Slack : 9.598
TNS   : 0.000

Type  : Fast 1200mV 0C Model Minimum Pulse Width 'inst|altpll_component|auto_generated|pll1|clk[0]'
Slack : 49999.798
TNS   : 0.000

------------------------------------------------------------
