TimeQuest Timing Analyzer report for Modulo8_Syn_Counter
Sun Nov 23 19:58:35 2025
Quartus II Version 9.1 Build 350 03/24/2010 Service Pack 2 SJ Web Edition


---------------------
; Table of Contents ;
---------------------
  1. Legal Notice
  2. TimeQuest Timing Analyzer Summary
  3. Parallel Compilation
  4. Clocks
  5. Slow 1200mV 85C Model Fmax Summary
  6. Slow 1200mV 85C Model Setup Summary
  7. Slow 1200mV 85C Model Hold Summary
  8. Slow 1200mV 85C Model Recovery Summary
  9. Slow 1200mV 85C Model Removal Summary
 10. Slow 1200mV 85C Model Minimum Pulse Width Summary
 11. Slow 1200mV 85C Model Setup: 'CLK'
 12. Slow 1200mV 85C Model Hold: 'CLK'
 13. Slow 1200mV 85C Model Minimum Pulse Width: 'CLK'
 14. Clock to Output Times
 15. Minimum Clock to Output Times
 16. Slow 1200mV 85C Model Metastability Report
 17. Slow 1200mV 0C Model Fmax Summary
 18. Slow 1200mV 0C Model Setup Summary
 19. Slow 1200mV 0C Model Hold Summary
 20. Slow 1200mV 0C Model Recovery Summary
 21. Slow 1200mV 0C Model Removal Summary
 22. Slow 1200mV 0C Model Minimum Pulse Width Summary
 23. Slow 1200mV 0C Model Setup: 'CLK'
 24. Slow 1200mV 0C Model Hold: 'CLK'
 25. Slow 1200mV 0C Model Minimum Pulse Width: 'CLK'
 26. Clock to Output Times
 27. Minimum Clock to Output Times
 28. Slow 1200mV 0C Model Metastability Report
 29. Fast 1200mV 0C Model Setup Summary
 30. Fast 1200mV 0C Model Hold Summary
 31. Fast 1200mV 0C Model Recovery Summary
 32. Fast 1200mV 0C Model Removal Summary
 33. Fast 1200mV 0C Model Minimum Pulse Width Summary
 34. Fast 1200mV 0C Model Setup: 'CLK'
 35. Fast 1200mV 0C Model Hold: 'CLK'
 36. Fast 1200mV 0C Model Minimum Pulse Width: 'CLK'
 37. Clock to Output Times
 38. Minimum Clock to Output Times
 39. Fast 1200mV 0C Model Metastability Report
 40. Multicorner Timing Analysis Summary
 41. Clock to Output Times
 42. Minimum Clock to Output Times
 43. Board Trace Model Assignments
 44. Input Transition Times
 45. Slow Corner Signal Integrity Metrics
 46. Fast Corner Signal Integrity Metrics
 47. Setup Transfers
 48. Hold Transfers
 49. Report TCCS
 50. Report RSKM
 51. Unconstrained Paths
 52. TimeQuest Timing Analyzer Messages



----------------
; Legal Notice ;
----------------
Copyright (C) 1991-2010 Altera Corporation
Your use of Altera Corporation's design tools, logic functions 
and other software and tools, and its AMPP partner logic 
functions, and any output files from any of the foregoing 
(including device programming or simulation files), and any 
associated documentation or information are expressly subject 
to the terms and conditions of the Altera Program License 
Subscription Agreement, Altera MegaCore Function License 
Agreement, or other applicable license agreement, including, 
without limitation, that your use is for the sole purpose of 
programming logic devices manufactured by Altera and sold by 
Altera or its authorized distributors.  Please refer to the 
applicable agreement for further details.



+-------------------------------------------------------------------------------------+
; TimeQuest Timing Analyzer Summary                                                   ;
+--------------------+----------------------------------------------------------------+
; Quartus II Version ; Version 9.1 Build 350 03/24/2010 Service Pack 2 SJ Web Edition ;
; Revision Name      ; Modulo8_Syn_Counter                                            ;
; Device Family      ; Cyclone III                                                    ;
; Device Name        ; EP3C5E144C8                                                    ;
; Timing Models      ; Final                                                          ;
; Delay Model        ; Combined                                                       ;
; Rise/Fall Delays   ; Enabled                                                        ;
+--------------------+----------------------------------------------------------------+


Parallel compilation was disabled, but you have multiple processors available. Enable parallel compilation to reduce compilation time.
+-------------------------------------+
; Parallel Compilation                ;
+----------------------------+--------+
; Processors                 ; Number ;
+----------------------------+--------+
; Number detected on machine ; 12     ;
; Maximum allowed            ; 1      ;
+----------------------------+--------+


+---------------------------------------------------------------------------------------------------------------------------------------------------------------------------------+
; Clocks                                                                                                                                                                          ;
+------------+------+--------+------------+-------+-------+------------+-----------+-------------+-------+--------+-----------+------------+----------+--------+--------+---------+
; Clock Name ; Type ; Period ; Frequency  ; Rise  ; Fall  ; Duty Cycle ; Divide by ; Multiply by ; Phase ; Offset ; Edge List ; Edge Shift ; Inverted ; Master ; Source ; Targets ;
+------------+------+--------+------------+-------+-------+------------+-----------+-------------+-------+--------+-----------+------------+----------+--------+--------+---------+
; CLK        ; Base ; 1.000  ; 1000.0 MHz ; 0.000 ; 0.500 ;            ;           ;             ;       ;        ;           ;            ;          ;        ;        ; { CLK } ;
+------------+------+--------+------------+-------+-------+------------+-----------+-------------+-------+--------+-----------+------------+----------+--------+--------+---------+


+-----------------------------------------------------------------------------------------------------------+
; Slow 1200mV 85C Model Fmax Summary                                                                        ;
+------------+-----------------+------------+---------------------------------------------------------------+
; Fmax       ; Restricted Fmax ; Clock Name ; Note                                                          ;
+------------+-----------------+------------+---------------------------------------------------------------+
; 762.78 MHz ; 250.0 MHz       ; CLK        ; limit due to minimum period restriction (max I/O toggle rate) ;
+------------+-----------------+------------+---------------------------------------------------------------+
This panel reports FMAX for every clock in the design, regardless of the user-specified clock periods.  FMAX is only computed for paths where the source and destination registers or ports are driven by the same clock.  Paths of different clocks, including generated clocks, are ignored.  For paths between a clock and its inversion, FMAX is computed as if the rising and falling edges are scaled along with FMAX, such that the duty cycle (in terms of a percentage) is maintained. Altera recommends that you always use clock constraints and other slack reports for sign-off analysis.


+-------------------------------------+
; Slow 1200mV 85C Model Setup Summary ;
+-------+--------+--------------------+
; Clock ; Slack  ; End Point TNS      ;
+-------+--------+--------------------+
; CLK   ; -0.311 ; -0.325             ;
+-------+--------+--------------------+


+------------------------------------+
; Slow 1200mV 85C Model Hold Summary ;
+-------+-------+--------------------+
; Clock ; Slack ; End Point TNS      ;
+-------+-------+--------------------+
; CLK   ; 0.432 ; 0.000              ;
+-------+-------+--------------------+


------------------------------------------
; Slow 1200mV 85C Model Recovery Summary ;
------------------------------------------
No paths to report.


-----------------------------------------
; Slow 1200mV 85C Model Removal Summary ;
-----------------------------------------
No paths to report.


+---------------------------------------------------+
; Slow 1200mV 85C Model Minimum Pulse Width Summary ;
+-------+--------+----------------------------------+
; Clock ; Slack  ; End Point TNS                    ;
+-------+--------+----------------------------------+
; CLK   ; -3.000 ; -7.461                           ;
+-------+--------+----------------------------------+


+----------------------------------------------------------------------------------------------------+
; Slow 1200mV 85C Model Setup: 'CLK'                                                                 ;
+--------+-----------+---------+--------------+-------------+--------------+------------+------------+
; Slack  ; From Node ; To Node ; Launch Clock ; Latch Clock ; Relationship ; Clock Skew ; Data Delay ;
+--------+-----------+---------+--------------+-------------+--------------+------------+------------+
; -0.311 ; inst1     ; inst2   ; CLK          ; CLK         ; 1.000        ; -0.082     ; 1.230      ;
; -0.014 ; inst      ; inst1   ; CLK          ; CLK         ; 1.000        ; -0.082     ; 0.933      ;
; -0.014 ; inst      ; inst2   ; CLK          ; CLK         ; 1.000        ; -0.082     ; 0.933      ;
; 0.061  ; inst      ; inst    ; CLK          ; CLK         ; 1.000        ; -0.082     ; 0.858      ;
; 0.061  ; inst2     ; inst2   ; CLK          ; CLK         ; 1.000        ; -0.082     ; 0.858      ;
; 0.061  ; inst1     ; inst1   ; CLK          ; CLK         ; 1.000        ; -0.082     ; 0.858      ;
+--------+-----------+---------+--------------+-------------+--------------+------------+------------+


+---------------------------------------------------------------------------------------------------+
; Slow 1200mV 85C Model Hold: 'CLK'                                                                 ;
+-------+-----------+---------+--------------+-------------+--------------+------------+------------+
; Slack ; From Node ; To Node ; Launch Clock ; Latch Clock ; Relationship ; Clock Skew ; Data Delay ;
+-------+-----------+---------+--------------+-------------+--------------+------------+------------+
; 0.432 ; inst2     ; inst2   ; CLK          ; CLK         ; 0.000        ; 0.082      ; 0.746      ;
; 0.432 ; inst1     ; inst1   ; CLK          ; CLK         ; 0.000        ; 0.082      ; 0.746      ;
; 0.444 ; inst      ; inst    ; CLK          ; CLK         ; 0.000        ; 0.082      ; 0.758      ;
; 0.497 ; inst      ; inst2   ; CLK          ; CLK         ; 0.000        ; 0.082      ; 0.811      ;
; 0.497 ; inst      ; inst1   ; CLK          ; CLK         ; 0.000        ; 0.082      ; 0.811      ;
; 0.744 ; inst1     ; inst2   ; CLK          ; CLK         ; 0.000        ; 0.082      ; 1.058      ;
+-------+-----------+---------+--------------+-------------+--------------+------------+------------+


+------------------------------------------------------------------------------------------------------------+
; Slow 1200mV 85C Model Minimum Pulse Width: 'CLK'                                                           ;
+--------+--------------+----------------+------------------+-------+------------+---------------------------+
; Slack  ; Actual Width ; Required Width ; Type             ; Clock ; Clock Edge ; Target                    ;
+--------+--------------+----------------+------------------+-------+------------+---------------------------+
; -3.000 ; 1.000        ; 4.000          ; Port Rate        ; CLK   ; Rise       ; CLK                       ;
; -1.487 ; 1.000        ; 2.487          ; Min Period       ; CLK   ; Rise       ; inst                      ;
; -1.487 ; 1.000        ; 2.487          ; Min Period       ; CLK   ; Rise       ; inst1                     ;
; -1.487 ; 1.000        ; 2.487          ; Min Period       ; CLK   ; Rise       ; inst2                     ;
; 0.290  ; 0.510        ; 0.220          ; High Pulse Width ; CLK   ; Rise       ; inst                      ;
; 0.290  ; 0.510        ; 0.220          ; High Pulse Width ; CLK   ; Rise       ; inst1                     ;
; 0.290  ; 0.510        ; 0.220          ; High Pulse Width ; CLK   ; Rise       ; inst2                     ;
; 0.300  ; 0.488        ; 0.188          ; Low Pulse Width  ; CLK   ; Rise       ; inst                      ;
; 0.300  ; 0.488        ; 0.188          ; Low Pulse Width  ; CLK   ; Rise       ; inst1                     ;
; 0.300  ; 0.488        ; 0.188          ; Low Pulse Width  ; CLK   ; Rise       ; inst2                     ;
; 0.440  ; 0.440        ; 0.000          ; Low Pulse Width  ; CLK   ; Rise       ; inst1|clk                 ;
; 0.440  ; 0.440        ; 0.000          ; Low Pulse Width  ; CLK   ; Rise       ; inst2|clk                 ;
; 0.440  ; 0.440        ; 0.000          ; Low Pulse Width  ; CLK   ; Rise       ; inst|clk                  ;
; 0.449  ; 0.449        ; 0.000          ; Low Pulse Width  ; CLK   ; Rise       ; CLK~input|o               ;
; 0.462  ; 0.462        ; 0.000          ; Low Pulse Width  ; CLK   ; Rise       ; CLK~inputclkctrl|inclk[0] ;
; 0.462  ; 0.462        ; 0.000          ; Low Pulse Width  ; CLK   ; Rise       ; CLK~inputclkctrl|outclk   ;
; 0.500  ; 0.500        ; 0.000          ; High Pulse Width ; CLK   ; Rise       ; CLK~input|i               ;
; 0.500  ; 0.500        ; 0.000          ; Low Pulse Width  ; CLK   ; Rise       ; CLK~input|i               ;
; 0.537  ; 0.537        ; 0.000          ; High Pulse Width ; CLK   ; Rise       ; CLK~inputclkctrl|inclk[0] ;
; 0.537  ; 0.537        ; 0.000          ; High Pulse Width ; CLK   ; Rise       ; CLK~inputclkctrl|outclk   ;
; 0.551  ; 0.551        ; 0.000          ; High Pulse Width ; CLK   ; Rise       ; CLK~input|o               ;
; 0.559  ; 0.559        ; 0.000          ; High Pulse Width ; CLK   ; Rise       ; inst1|clk                 ;
; 0.559  ; 0.559        ; 0.000          ; High Pulse Width ; CLK   ; Rise       ; inst2|clk                 ;
; 0.559  ; 0.559        ; 0.000          ; High Pulse Width ; CLK   ; Rise       ; inst|clk                  ;
+--------+--------------+----------------+------------------+-------+------------+---------------------------+


+-----------------------------------------------------------------------+
; Clock to Output Times                                                 ;
+-----------+------------+-------+-------+------------+-----------------+
; Data Port ; Clock Port ; Rise  ; Fall  ; Clock Edge ; Clock Reference ;
+-----------+------------+-------+-------+------------+-----------------+
; OUT       ; CLK        ; 7.005 ; 6.873 ; Rise       ; CLK             ;
+-----------+------------+-------+-------+------------+-----------------+


+-----------------------------------------------------------------------+
; Minimum Clock to Output Times                                         ;
+-----------+------------+-------+-------+------------+-----------------+
; Data Port ; Clock Port ; Rise  ; Fall  ; Clock Edge ; Clock Reference ;
+-----------+------------+-------+-------+------------+-----------------+
; OUT       ; CLK        ; 6.348 ; 6.257 ; Rise       ; CLK             ;
+-----------+------------+-------+-------+------------+-----------------+


----------------------------------------------
; Slow 1200mV 85C Model Metastability Report ;
----------------------------------------------
No synchronizer chains to report.


+-----------------------------------------------------------------------------------------------------------+
; Slow 1200mV 0C Model Fmax Summary                                                                         ;
+------------+-----------------+------------+---------------------------------------------------------------+
; Fmax       ; Restricted Fmax ; Clock Name ; Note                                                          ;
+------------+-----------------+------------+---------------------------------------------------------------+
; 846.74 MHz ; 250.0 MHz       ; CLK        ; limit due to minimum period restriction (max I/O toggle rate) ;
+------------+-----------------+------------+---------------------------------------------------------------+
This panel reports FMAX for every clock in the design, regardless of the user-specified clock periods.  FMAX is only computed for paths where the source and destination registers or ports are driven by the same clock.  Paths of different clocks, including generated clocks, are ignored.  For paths between a clock and its inversion, FMAX is computed as if the rising and falling edges are scaled along with FMAX, such that the duty cycle (in terms of a percentage) is maintained. Altera recommends that you always use clock constraints and other slack reports for sign-off analysis.


+------------------------------------+
; Slow 1200mV 0C Model Setup Summary ;
+-------+--------+-------------------+
; Clock ; Slack  ; End Point TNS     ;
+-------+--------+-------------------+
; CLK   ; -0.181 ; -0.181            ;
+-------+--------+-------------------+


+-----------------------------------+
; Slow 1200mV 0C Model Hold Summary ;
+-------+-------+-------------------+
; Clock ; Slack ; End Point TNS     ;
+-------+-------+-------------------+
; CLK   ; 0.380 ; 0.000             ;
+-------+-------+-------------------+


-----------------------------------------
; Slow 1200mV 0C Model Recovery Summary ;
-----------------------------------------
No paths to report.


----------------------------------------
; Slow 1200mV 0C Model Removal Summary ;
----------------------------------------
No paths to report.


+--------------------------------------------------+
; Slow 1200mV 0C Model Minimum Pulse Width Summary ;
+-------+--------+---------------------------------+
; Clock ; Slack  ; End Point TNS                   ;
+-------+--------+---------------------------------+
; CLK   ; -3.000 ; -7.461                          ;
+-------+--------+---------------------------------+


+----------------------------------------------------------------------------------------------------+
; Slow 1200mV 0C Model Setup: 'CLK'                                                                  ;
+--------+-----------+---------+--------------+-------------+--------------+------------+------------+
; Slack  ; From Node ; To Node ; Launch Clock ; Latch Clock ; Relationship ; Clock Skew ; Data Delay ;
+--------+-----------+---------+--------------+-------------+--------------+------------+------------+
; -0.181 ; inst1     ; inst2   ; CLK          ; CLK         ; 1.000        ; -0.074     ; 1.109      ;
; 0.080  ; inst      ; inst1   ; CLK          ; CLK         ; 1.000        ; -0.074     ; 0.848      ;
; 0.080  ; inst      ; inst2   ; CLK          ; CLK         ; 1.000        ; -0.074     ; 0.848      ;
; 0.158  ; inst      ; inst    ; CLK          ; CLK         ; 1.000        ; -0.074     ; 0.770      ;
; 0.158  ; inst2     ; inst2   ; CLK          ; CLK         ; 1.000        ; -0.074     ; 0.770      ;
; 0.158  ; inst1     ; inst1   ; CLK          ; CLK         ; 1.000        ; -0.074     ; 0.770      ;
+--------+-----------+---------+--------------+-------------+--------------+------------+------------+


+---------------------------------------------------------------------------------------------------+
; Slow 1200mV 0C Model Hold: 'CLK'                                                                  ;
+-------+-----------+---------+--------------+-------------+--------------+------------+------------+
; Slack ; From Node ; To Node ; Launch Clock ; Latch Clock ; Relationship ; Clock Skew ; Data Delay ;
+-------+-----------+---------+--------------+-------------+--------------+------------+------------+
; 0.380 ; inst2     ; inst2   ; CLK          ; CLK         ; 0.000        ; 0.074      ; 0.669      ;
; 0.380 ; inst1     ; inst1   ; CLK          ; CLK         ; 0.000        ; 0.074      ; 0.669      ;
; 0.395 ; inst      ; inst    ; CLK          ; CLK         ; 0.000        ; 0.074      ; 0.684      ;
; 0.456 ; inst      ; inst2   ; CLK          ; CLK         ; 0.000        ; 0.074      ; 0.745      ;
; 0.456 ; inst      ; inst1   ; CLK          ; CLK         ; 0.000        ; 0.074      ; 0.745      ;
; 0.688 ; inst1     ; inst2   ; CLK          ; CLK         ; 0.000        ; 0.074      ; 0.977      ;
+-------+-----------+---------+--------------+-------------+--------------+------------+------------+


+------------------------------------------------------------------------------------------------------------+
; Slow 1200mV 0C Model Minimum Pulse Width: 'CLK'                                                            ;
+--------+--------------+----------------+------------------+-------+------------+---------------------------+
; Slack  ; Actual Width ; Required Width ; Type             ; Clock ; Clock Edge ; Target                    ;
+--------+--------------+----------------+------------------+-------+------------+---------------------------+
; -3.000 ; 1.000        ; 4.000          ; Port Rate        ; CLK   ; Rise       ; CLK                       ;
; -1.487 ; 1.000        ; 2.487          ; Min Period       ; CLK   ; Rise       ; inst                      ;
; -1.487 ; 1.000        ; 2.487          ; Min Period       ; CLK   ; Rise       ; inst1                     ;
; -1.487 ; 1.000        ; 2.487          ; Min Period       ; CLK   ; Rise       ; inst2                     ;
; 0.297  ; 0.481        ; 0.184          ; Low Pulse Width  ; CLK   ; Rise       ; inst                      ;
; 0.297  ; 0.481        ; 0.184          ; Low Pulse Width  ; CLK   ; Rise       ; inst1                     ;
; 0.297  ; 0.481        ; 0.184          ; Low Pulse Width  ; CLK   ; Rise       ; inst2                     ;
; 0.300  ; 0.516        ; 0.216          ; High Pulse Width ; CLK   ; Rise       ; inst                      ;
; 0.300  ; 0.516        ; 0.216          ; High Pulse Width ; CLK   ; Rise       ; inst1                     ;
; 0.300  ; 0.516        ; 0.216          ; High Pulse Width ; CLK   ; Rise       ; inst2                     ;
; 0.430  ; 0.430        ; 0.000          ; Low Pulse Width  ; CLK   ; Rise       ; inst1|clk                 ;
; 0.430  ; 0.430        ; 0.000          ; Low Pulse Width  ; CLK   ; Rise       ; inst2|clk                 ;
; 0.430  ; 0.430        ; 0.000          ; Low Pulse Width  ; CLK   ; Rise       ; inst|clk                  ;
; 0.449  ; 0.449        ; 0.000          ; Low Pulse Width  ; CLK   ; Rise       ; CLK~input|o               ;
; 0.453  ; 0.453        ; 0.000          ; Low Pulse Width  ; CLK   ; Rise       ; CLK~inputclkctrl|inclk[0] ;
; 0.453  ; 0.453        ; 0.000          ; Low Pulse Width  ; CLK   ; Rise       ; CLK~inputclkctrl|outclk   ;
; 0.500  ; 0.500        ; 0.000          ; High Pulse Width ; CLK   ; Rise       ; CLK~input|i               ;
; 0.500  ; 0.500        ; 0.000          ; Low Pulse Width  ; CLK   ; Rise       ; CLK~input|i               ;
; 0.547  ; 0.547        ; 0.000          ; High Pulse Width ; CLK   ; Rise       ; CLK~inputclkctrl|inclk[0] ;
; 0.547  ; 0.547        ; 0.000          ; High Pulse Width ; CLK   ; Rise       ; CLK~inputclkctrl|outclk   ;
; 0.551  ; 0.551        ; 0.000          ; High Pulse Width ; CLK   ; Rise       ; CLK~input|o               ;
; 0.570  ; 0.570        ; 0.000          ; High Pulse Width ; CLK   ; Rise       ; inst1|clk                 ;
; 0.570  ; 0.570        ; 0.000          ; High Pulse Width ; CLK   ; Rise       ; inst2|clk                 ;
; 0.570  ; 0.570        ; 0.000          ; High Pulse Width ; CLK   ; Rise       ; inst|clk                  ;
+--------+--------------+----------------+------------------+-------+------------+---------------------------+


+-----------------------------------------------------------------------+
; Clock to Output Times                                                 ;
+-----------+------------+-------+-------+------------+-----------------+
; Data Port ; Clock Port ; Rise  ; Fall  ; Clock Edge ; Clock Reference ;
+-----------+------------+-------+-------+------------+-----------------+
; OUT       ; CLK        ; 6.735 ; 6.492 ; Rise       ; CLK             ;
+-----------+------------+-------+-------+------------+-----------------+


+-----------------------------------------------------------------------+
; Minimum Clock to Output Times                                         ;
+-----------+------------+-------+-------+------------+-----------------+
; Data Port ; Clock Port ; Rise  ; Fall  ; Clock Edge ; Clock Reference ;
+-----------+------------+-------+-------+------------+-----------------+
; OUT       ; CLK        ; 6.108 ; 5.944 ; Rise       ; CLK             ;
+-----------+------------+-------+-------+------------+-----------------+


---------------------------------------------
; Slow 1200mV 0C Model Metastability Report ;
---------------------------------------------
No synchronizer chains to report.


+------------------------------------+
; Fast 1200mV 0C Model Setup Summary ;
+-------+-------+--------------------+
; Clock ; Slack ; End Point TNS      ;
+-------+-------+--------------------+
; CLK   ; 0.428 ; 0.000              ;
+-------+-------+--------------------+


+-----------------------------------+
; Fast 1200mV 0C Model Hold Summary ;
+-------+-------+-------------------+
; Clock ; Slack ; End Point TNS     ;
+-------+-------+-------------------+
; CLK   ; 0.166 ; 0.000             ;
+-------+-------+-------------------+


-----------------------------------------
; Fast 1200mV 0C Model Recovery Summary ;
-----------------------------------------
No paths to report.


----------------------------------------
; Fast 1200mV 0C Model Removal Summary ;
----------------------------------------
No paths to report.


+--------------------------------------------------+
; Fast 1200mV 0C Model Minimum Pulse Width Summary ;
+-------+--------+---------------------------------+
; Clock ; Slack  ; End Point TNS                   ;
+-------+--------+---------------------------------+
; CLK   ; -3.000 ; -6.183                          ;
+-------+--------+---------------------------------+


+---------------------------------------------------------------------------------------------------+
; Fast 1200mV 0C Model Setup: 'CLK'                                                                 ;
+-------+-----------+---------+--------------+-------------+--------------+------------+------------+
; Slack ; From Node ; To Node ; Launch Clock ; Latch Clock ; Relationship ; Clock Skew ; Data Delay ;
+-------+-----------+---------+--------------+-------------+--------------+------------+------------+
; 0.428 ; inst1     ; inst2   ; CLK          ; CLK         ; 1.000        ; -0.037     ; 0.522      ;
; 0.560 ; inst      ; inst1   ; CLK          ; CLK         ; 1.000        ; -0.037     ; 0.390      ;
; 0.560 ; inst      ; inst2   ; CLK          ; CLK         ; 1.000        ; -0.037     ; 0.390      ;
; 0.591 ; inst      ; inst    ; CLK          ; CLK         ; 1.000        ; -0.037     ; 0.359      ;
; 0.591 ; inst2     ; inst2   ; CLK          ; CLK         ; 1.000        ; -0.037     ; 0.359      ;
; 0.591 ; inst1     ; inst1   ; CLK          ; CLK         ; 1.000        ; -0.037     ; 0.359      ;
+-------+-----------+---------+--------------+-------------+--------------+------------+------------+


+---------------------------------------------------------------------------------------------------+
; Fast 1200mV 0C Model Hold: 'CLK'                                                                  ;
+-------+-----------+---------+--------------+-------------+--------------+------------+------------+
; Slack ; From Node ; To Node ; Launch Clock ; Latch Clock ; Relationship ; Clock Skew ; Data Delay ;
+-------+-----------+---------+--------------+-------------+--------------+------------+------------+
; 0.166 ; inst2     ; inst2   ; CLK          ; CLK         ; 0.000        ; 0.037      ; 0.307      ;
; 0.166 ; inst1     ; inst1   ; CLK          ; CLK         ; 0.000        ; 0.037      ; 0.307      ;
; 0.173 ; inst      ; inst    ; CLK          ; CLK         ; 0.000        ; 0.037      ; 0.314      ;
; 0.188 ; inst      ; inst2   ; CLK          ; CLK         ; 0.000        ; 0.037      ; 0.329      ;
; 0.188 ; inst      ; inst1   ; CLK          ; CLK         ; 0.000        ; 0.037      ; 0.329      ;
; 0.284 ; inst1     ; inst2   ; CLK          ; CLK         ; 0.000        ; 0.037      ; 0.425      ;
+-------+-----------+---------+--------------+-------------+--------------+------------+------------+


+------------------------------------------------------------------------------------------------------------+
; Fast 1200mV 0C Model Minimum Pulse Width: 'CLK'                                                            ;
+--------+--------------+----------------+------------------+-------+------------+---------------------------+
; Slack  ; Actual Width ; Required Width ; Type             ; Clock ; Clock Edge ; Target                    ;
+--------+--------------+----------------+------------------+-------+------------+---------------------------+
; -3.000 ; 1.000        ; 4.000          ; Port Rate        ; CLK   ; Rise       ; CLK                       ;
; -1.000 ; 1.000        ; 2.000          ; Min Period       ; CLK   ; Rise       ; inst                      ;
; -1.000 ; 1.000        ; 2.000          ; Min Period       ; CLK   ; Rise       ; inst1                     ;
; -1.000 ; 1.000        ; 2.000          ; Min Period       ; CLK   ; Rise       ; inst2                     ;
; -0.061 ; 0.123        ; 0.184          ; Low Pulse Width  ; CLK   ; Rise       ; inst                      ;
; -0.061 ; 0.123        ; 0.184          ; Low Pulse Width  ; CLK   ; Rise       ; inst1                     ;
; -0.061 ; 0.123        ; 0.184          ; Low Pulse Width  ; CLK   ; Rise       ; inst2                     ;
; 0.119  ; 0.119        ; 0.000          ; Low Pulse Width  ; CLK   ; Rise       ; inst1|clk                 ;
; 0.119  ; 0.119        ; 0.000          ; Low Pulse Width  ; CLK   ; Rise       ; inst2|clk                 ;
; 0.119  ; 0.119        ; 0.000          ; Low Pulse Width  ; CLK   ; Rise       ; inst|clk                  ;
; 0.123  ; 0.123        ; 0.000          ; Low Pulse Width  ; CLK   ; Rise       ; CLK~input|o               ;
; 0.142  ; 0.142        ; 0.000          ; Low Pulse Width  ; CLK   ; Rise       ; CLK~inputclkctrl|inclk[0] ;
; 0.142  ; 0.142        ; 0.000          ; Low Pulse Width  ; CLK   ; Rise       ; CLK~inputclkctrl|outclk   ;
; 0.500  ; 0.500        ; 0.000          ; High Pulse Width ; CLK   ; Rise       ; CLK~input|i               ;
; 0.500  ; 0.500        ; 0.000          ; Low Pulse Width  ; CLK   ; Rise       ; CLK~input|i               ;
; 0.658  ; 0.874        ; 0.216          ; High Pulse Width ; CLK   ; Rise       ; inst                      ;
; 0.658  ; 0.874        ; 0.216          ; High Pulse Width ; CLK   ; Rise       ; inst1                     ;
; 0.658  ; 0.874        ; 0.216          ; High Pulse Width ; CLK   ; Rise       ; inst2                     ;
; 0.858  ; 0.858        ; 0.000          ; High Pulse Width ; CLK   ; Rise       ; CLK~inputclkctrl|inclk[0] ;
; 0.858  ; 0.858        ; 0.000          ; High Pulse Width ; CLK   ; Rise       ; CLK~inputclkctrl|outclk   ;
; 0.877  ; 0.877        ; 0.000          ; High Pulse Width ; CLK   ; Rise       ; CLK~input|o               ;
; 0.880  ; 0.880        ; 0.000          ; High Pulse Width ; CLK   ; Rise       ; inst1|clk                 ;
; 0.880  ; 0.880        ; 0.000          ; High Pulse Width ; CLK   ; Rise       ; inst2|clk                 ;
; 0.880  ; 0.880        ; 0.000          ; High Pulse Width ; CLK   ; Rise       ; inst|clk                  ;
+--------+--------------+----------------+------------------+-------+------------+---------------------------+


+-----------------------------------------------------------------------+
; Clock to Output Times                                                 ;
+-----------+------------+-------+-------+------------+-----------------+
; Data Port ; Clock Port ; Rise  ; Fall  ; Clock Edge ; Clock Reference ;
+-----------+------------+-------+-------+------------+-----------------+
; OUT       ; CLK        ; 3.247 ; 3.336 ; Rise       ; CLK             ;
+-----------+------------+-------+-------+------------+-----------------+


+-----------------------------------------------------------------------+
; Minimum Clock to Output Times                                         ;
+-----------+------------+-------+-------+------------+-----------------+
; Data Port ; Clock Port ; Rise  ; Fall  ; Clock Edge ; Clock Reference ;
+-----------+------------+-------+-------+------------+-----------------+
; OUT       ; CLK        ; 2.990 ; 3.052 ; Rise       ; CLK             ;
+-----------+------------+-------+-------+------------+-----------------+


---------------------------------------------
; Fast 1200mV 0C Model Metastability Report ;
---------------------------------------------
No synchronizer chains to report.


+------------------------------------------------------------------------------+
; Multicorner Timing Analysis Summary                                          ;
+------------------+--------+-------+----------+---------+---------------------+
; Clock            ; Setup  ; Hold  ; Recovery ; Removal ; Minimum Pulse Width ;
+------------------+--------+-------+----------+---------+---------------------+
; Worst-case Slack ; -0.311 ; 0.166 ; N/A      ; N/A     ; -3.000              ;
;  CLK             ; -0.311 ; 0.166 ; N/A      ; N/A     ; -3.000              ;
; Design-wide TNS  ; -0.325 ; 0.0   ; 0.0      ; 0.0     ; -7.461              ;
;  CLK             ; -0.325 ; 0.000 ; N/A      ; N/A     ; -7.461              ;
+------------------+--------+-------+----------+---------+---------------------+


+-----------------------------------------------------------------------+
; Clock to Output Times                                                 ;
+-----------+------------+-------+-------+------------+-----------------+
; Data Port ; Clock Port ; Rise  ; Fall  ; Clock Edge ; Clock Reference ;
+-----------+------------+-------+-------+------------+-----------------+
; OUT       ; CLK        ; 7.005 ; 6.873 ; Rise       ; CLK             ;
+-----------+------------+-------+-------+------------+-----------------+


+-----------------------------------------------------------------------+
; Minimum Clock to Output Times                                         ;
+-----------+------------+-------+-------+------------+-----------------+
; Data Port ; Clock Port ; Rise  ; Fall  ; Clock Edge ; Clock Reference ;
+-----------+------------+-------+-------+------------+-----------------+
; OUT       ; CLK        ; 2.990 ; 3.052 ; Rise       ; CLK             ;
+-----------+------------+-------+-------+------------+-----------------+


+------------------------------------------------------------------------------------------------------------------------------------------------------------------------------------------------------------------------------------------------------------------------------------------------------------------------------------------------------------------+
; Board Trace Model Assignments                                                                                                                                                                                                                                                                                                                                    ;
+---------------+--------------+-------------------+-------------------------+-------------------------+---------------+---------------------+----------------+------------------+--------+------------------+------------------------+------------------------+--------------+---------------+-----------------+-------+---------------------+--------------------+
; Pin           ; I/O Standard ; Near Tline Length ; Near Tline L per Length ; Near Tline C per Length ; Near Series R ; Near Differential R ; Near Pull-up R ; Near Pull-down R ; Near C ; Far Tline Length ; Far Tline L per Length ; Far Tline C per Length ; Far Series R ; Far Pull-up R ; Far Pull-down R ; Far C ; Termination Voltage ; Far Differential R ;
+---------------+--------------+-------------------+-------------------------+-------------------------+---------------+---------------------+----------------+------------------+--------+------------------+------------------------+------------------------+--------------+---------------+-----------------+-------+---------------------+--------------------+
; OUT           ; 2.5 V        ; 0 in              ; 0 H/in                  ; 0 F/in                  ; short         ; -                   ; open           ; open             ; open   ; 0 in             ; 0 H/in                 ; 0 F/in                 ; short        ; open          ; open            ; open  ; 0 V                 ; -                  ;
; ~ALTERA_DCLK~ ; 2.5 V        ; 0 in              ; 0 H/in                  ; 0 F/in                  ; short         ; -                   ; open           ; open             ; open   ; 0 in             ; 0 H/in                 ; 0 F/in                 ; short        ; open          ; open            ; open  ; 0 V                 ; -                  ;
; ~ALTERA_nCEO~ ; 2.5 V        ; 0 in              ; 0 H/in                  ; 0 F/in                  ; short         ; -                   ; open           ; open             ; open   ; 0 in             ; 0 H/in                 ; 0 F/in                 ; short        ; open          ; open            ; open  ; 0 V                 ; -                  ;
+---------------+--------------+-------------------+-------------------------+-------------------------+---------------+---------------------+----------------+------------------+--------+------------------+------------------------+------------------------+--------------+---------------+-----------------+-------+---------------------+--------------------+


+----------------------------------------------------------------------------+
; Input Transition Times                                                     ;
+-------------------------+--------------+-----------------+-----------------+
; Pin                     ; I/O Standard ; 10-90 Rise Time ; 90-10 Fall Time ;
+-------------------------+--------------+-----------------+-----------------+
; CLK                     ; 2.5 V        ; 2000 ps         ; 2000 ps         ;
; ~ALTERA_ASDO_DATA1~     ; 2.5 V        ; 2000 ps         ; 2000 ps         ;
; ~ALTERA_FLASH_nCE_nCSO~ ; 2.5 V        ; 2000 ps         ; 2000 ps         ;
; ~ALTERA_DATA0~          ; 2.5 V        ; 2000 ps         ; 2000 ps         ;
+-------------------------+--------------+-----------------+-----------------+


+--------------------------------------------------------------------------------------------------------------------------------------------------------------------------------------------------------------------------------------------------------------------------------------------------------------------------------------------------------------------------------------------------------------------------------------------------------------------------------------------------------------------------------------------------------------------------------------------------------------------------------------------------------------------------------------------+
; Slow Corner Signal Integrity Metrics                                                                                                                                                                                                                                                                                                                                                                                                                                                                                                                                                                                                                                                       ;
+---------------+--------------+---------------------+---------------------+------------------------------+------------------------------+---------------------+---------------------+--------------------------------------+--------------------------------------+-----------------------------+-----------------------------+----------------------------+----------------------------+-----------------------------+-----------------------------+--------------------+--------------------+-------------------------------------+-------------------------------------+----------------------------+----------------------------+---------------------------+---------------------------+
; Pin           ; I/O Standard ; Board Delay on Rise ; Board Delay on Fall ; Steady State Voh at FPGA Pin ; Steady State Vol at FPGA Pin ; Voh Max at FPGA Pin ; Vol Min at FPGA Pin ; Ringback Voltage on Rise at FPGA Pin ; Ringback Voltage on Fall at FPGA Pin ; 10-90 Rise Time at FPGA Pin ; 90-10 Fall Time at FPGA Pin ; Monotonic Rise at FPGA Pin ; Monotonic Fall at FPGA Pin ; Steady State Voh at Far-end ; Steady State Vol at Far-end ; Voh Max at Far-end ; Vol Min at Far-end ; Ringback Voltage on Rise at Far-end ; Ringback Voltage on Fall at Far-end ; 10-90 Rise Time at Far-end ; 90-10 Fall Time at Far-end ; Monotonic Rise at Far-end ; Monotonic Fall at Far-end ;
+---------------+--------------+---------------------+---------------------+------------------------------+------------------------------+---------------------+---------------------+--------------------------------------+--------------------------------------+-----------------------------+-----------------------------+----------------------------+----------------------------+-----------------------------+-----------------------------+--------------------+--------------------+-------------------------------------+-------------------------------------+----------------------------+----------------------------+---------------------------+---------------------------+
; OUT           ; 2.5 V        ; 0 s                 ; 0 s                 ; 2.32 V                       ; 2.84e-007 V                  ; 2.35 V              ; -0.0105 V           ; 0.143 V                              ; 0.041 V                              ; 4.81e-010 s                 ; 4.81e-010 s                 ; Yes                        ; Yes                        ; 2.32 V                      ; 2.84e-007 V                 ; 2.35 V             ; -0.0105 V          ; 0.143 V                             ; 0.041 V                             ; 4.81e-010 s                ; 4.81e-010 s                ; Yes                       ; Yes                       ;
; ~ALTERA_DCLK~ ; 2.5 V        ; 0 s                 ; 0 s                 ; 2.32 V                       ; 1.53e-007 V                  ; 2.35 V              ; -0.00333 V          ; 0.096 V                              ; 0.006 V                              ; 4.5e-010 s                  ; 3.85e-010 s                 ; Yes                        ; Yes                        ; 2.32 V                      ; 1.53e-007 V                 ; 2.35 V             ; -0.00333 V         ; 0.096 V                             ; 0.006 V                             ; 4.5e-010 s                 ; 3.85e-010 s                ; Yes                       ; Yes                       ;
; ~ALTERA_nCEO~ ; 2.5 V        ; 0 s                 ; 0 s                 ; 2.32 V                       ; 2.51e-007 V                  ; 2.34 V              ; -0.00726 V          ; 0.108 V                              ; 0.026 V                              ; 6.58e-010 s                 ; 8.2e-010 s                  ; Yes                        ; Yes                        ; 2.32 V                      ; 2.51e-007 V                 ; 2.34 V             ; -0.00726 V         ; 0.108 V                             ; 0.026 V                             ; 6.58e-010 s                ; 8.2e-010 s                 ; Yes                       ; Yes                       ;
+---------------+--------------+---------------------+---------------------+------------------------------+------------------------------+---------------------+---------------------+--------------------------------------+--------------------------------------+-----------------------------+-----------------------------+----------------------------+----------------------------+-----------------------------+-----------------------------+--------------------+--------------------+-------------------------------------+-------------------------------------+----------------------------+----------------------------+---------------------------+---------------------------+


+--------------------------------------------------------------------------------------------------------------------------------------------------------------------------------------------------------------------------------------------------------------------------------------------------------------------------------------------------------------------------------------------------------------------------------------------------------------------------------------------------------------------------------------------------------------------------------------------------------------------------------------------------------------------------------------------+
; Fast Corner Signal Integrity Metrics                                                                                                                                                                                                                                                                                                                                                                                                                                                                                                                                                                                                                                                       ;
+---------------+--------------+---------------------+---------------------+------------------------------+------------------------------+---------------------+---------------------+--------------------------------------+--------------------------------------+-----------------------------+-----------------------------+----------------------------+----------------------------+-----------------------------+-----------------------------+--------------------+--------------------+-------------------------------------+-------------------------------------+----------------------------+----------------------------+---------------------------+---------------------------+
; Pin           ; I/O Standard ; Board Delay on Rise ; Board Delay on Fall ; Steady State Voh at FPGA Pin ; Steady State Vol at FPGA Pin ; Voh Max at FPGA Pin ; Vol Min at FPGA Pin ; Ringback Voltage on Rise at FPGA Pin ; Ringback Voltage on Fall at FPGA Pin ; 10-90 Rise Time at FPGA Pin ; 90-10 Fall Time at FPGA Pin ; Monotonic Rise at FPGA Pin ; Monotonic Fall at FPGA Pin ; Steady State Voh at Far-end ; Steady State Vol at Far-end ; Voh Max at Far-end ; Vol Min at Far-end ; Ringback Voltage on Rise at Far-end ; Ringback Voltage on Fall at Far-end ; 10-90 Rise Time at Far-end ; 90-10 Fall Time at Far-end ; Monotonic Rise at Far-end ; Monotonic Fall at Far-end ;
+---------------+--------------+---------------------+---------------------+------------------------------+------------------------------+---------------------+---------------------+--------------------------------------+--------------------------------------+-----------------------------+-----------------------------+----------------------------+----------------------------+-----------------------------+-----------------------------+--------------------+--------------------+-------------------------------------+-------------------------------------+----------------------------+----------------------------+---------------------------+---------------------------+
; OUT           ; 2.5 V        ; 0 s                 ; 0 s                 ; 2.62 V                       ; 4.02e-008 V                  ; 2.71 V              ; -0.0351 V           ; 0.173 V                              ; 0.098 V                              ; 2.73e-010 s                 ; 2.69e-010 s                 ; Yes                        ; Yes                        ; 2.62 V                      ; 4.02e-008 V                 ; 2.71 V             ; -0.0351 V          ; 0.173 V                             ; 0.098 V                             ; 2.73e-010 s                ; 2.69e-010 s                ; Yes                       ; Yes                       ;
; ~ALTERA_DCLK~ ; 2.5 V        ; 0 s                 ; 0 s                 ; 2.62 V                       ; 2.2e-008 V                   ; 2.74 V              ; -0.061 V            ; 0.159 V                              ; 0.078 V                              ; 2.7e-010 s                  ; 2.2e-010 s                  ; No                         ; Yes                        ; 2.62 V                      ; 2.2e-008 V                  ; 2.74 V             ; -0.061 V           ; 0.159 V                             ; 0.078 V                             ; 2.7e-010 s                 ; 2.2e-010 s                 ; No                        ; Yes                       ;
; ~ALTERA_nCEO~ ; 2.5 V        ; 0 s                 ; 0 s                 ; 2.62 V                       ; 3.52e-008 V                  ; 2.7 V               ; -0.012 V            ; 0.274 V                              ; 0.034 V                              ; 3.18e-010 s                 ; 4.96e-010 s                 ; No                         ; Yes                        ; 2.62 V                      ; 3.52e-008 V                 ; 2.7 V              ; -0.012 V           ; 0.274 V                             ; 0.034 V                             ; 3.18e-010 s                ; 4.96e-010 s                ; No                        ; Yes                       ;
+---------------+--------------+---------------------+---------------------+------------------------------+------------------------------+---------------------+---------------------+--------------------------------------+--------------------------------------+-----------------------------+-----------------------------+----------------------------+----------------------------+-----------------------------+-----------------------------+--------------------+--------------------+-------------------------------------+-------------------------------------+----------------------------+----------------------------+---------------------------+---------------------------+


+-------------------------------------------------------------------+
; Setup Transfers                                                   ;
+------------+----------+----------+----------+----------+----------+
; From Clock ; To Clock ; RR Paths ; FR Paths ; RF Paths ; FF Paths ;
+------------+----------+----------+----------+----------+----------+
; CLK        ; CLK      ; 6        ; 0        ; 0        ; 0        ;
+------------+----------+----------+----------+----------+----------+
Entries labeled "false path" only account for clock-to-clock false paths and not path-based false paths. As a result, actual path counts may be lower than reported.


+-------------------------------------------------------------------+
; Hold Transfers                                                    ;
+------------+----------+----------+----------+----------+----------+
; From Clock ; To Clock ; RR Paths ; FR Paths ; RF Paths ; FF Paths ;
+------------+----------+----------+----------+----------+----------+
; CLK        ; CLK      ; 6        ; 0        ; 0        ; 0        ;
+------------+----------+----------+----------+----------+----------+
Entries labeled "false path" only account for clock-to-clock false paths and not path-based false paths. As a result, actual path counts may be lower than reported.


---------------
; Report TCCS ;
---------------
No dedicated SERDES Transmitter circuitry present in device or used in design


---------------
; Report RSKM ;
---------------
No dedicated SERDES Receiver circuitry present in device or used in design


+------------------------------------------------+
; Unconstrained Paths                            ;
+---------------------------------+-------+------+
; Property                        ; Setup ; Hold ;
+---------------------------------+-------+------+
; Illegal Clocks                  ; 0     ; 0    ;
; Unconstrained Clocks            ; 0     ; 0    ;
; Unconstrained Input Ports       ; 0     ; 0    ;
; Unconstrained Input Port Paths  ; 0     ; 0    ;
; Unconstrained Output Ports      ; 1     ; 1    ;
; Unconstrained Output Port Paths ; 3     ; 3    ;
+---------------------------------+-------+------+


+------------------------------------+
; TimeQuest Timing Analyzer Messages ;
+------------------------------------+
Info: *******************************************************************
Info: Running Quartus II TimeQuest Timing Analyzer
    Info: Version 9.1 Build 350 03/24/2010 Service Pack 2 SJ Web Edition
    Info: Processing started: Sun Nov 23 19:58:35 2025
Info: Command: quartus_sta Modulo8_Syn_Counter -c Modulo8_Syn_Counter
Info: qsta_default_script.tcl version: #1
Info: Core supply voltage is 1.2V
Info: Low junction temperature is 0 degrees C
Info: High junction temperature is 85 degrees C
Critical Warning: Synopsys Design Constraints File file not found: 'Modulo8_Syn_Counter.sdc'. A Synopsys Design Constraints File is required by the TimeQuest Timing Analyzer to get proper timing constraints. Without it, the Compiler will not properly optimize the design.
Info: No user constrained base clocks found in the design. Calling "derive_clocks -period 1.0"
Info: Deriving Clocks
    Info: create_clock -period 1.000 -name CLK CLK
Info: No user constrained clock uncertainty found in the design. Calling "derive_clock_uncertainty"
Info: Deriving Clock Uncertainty
    Info: set_clock_uncertainty -rise_from [get_clocks {CLK}] -rise_to [get_clocks {CLK}] -setup 0.020
    Info: set_clock_uncertainty -rise_from [get_clocks {CLK}] -fall_to [get_clocks {CLK}] -setup 0.020
    Info: set_clock_uncertainty -fall_from [get_clocks {CLK}] -rise_to [get_clocks {CLK}] -setup 0.020
    Info: set_clock_uncertainty -fall_from [get_clocks {CLK}] -fall_to [get_clocks {CLK}] -setup 0.020
    Info: set_clock_uncertainty -rise_from [get_clocks {CLK}] -rise_to [get_clocks {CLK}] -hold 0.020
    Info: set_clock_uncertainty -rise_from [get_clocks {CLK}] -fall_to [get_clocks {CLK}] -hold 0.020
    Info: set_clock_uncertainty -fall_from [get_clocks {CLK}] -rise_to [get_clocks {CLK}] -hold 0.020
    Info: set_clock_uncertainty -fall_from [get_clocks {CLK}] -fall_to [get_clocks {CLK}] -hold 0.020
Info: Analyzing Slow 1200mV 85C Model
Critical Warning: Timing requirements not met
Info: Worst-case setup slack is -0.311
    Info:     Slack End Point TNS Clock 
    Info: ========= ============= =====================
    Info:    -0.311        -0.325 CLK 
Info: Worst-case hold slack is 0.432
    Info:     Slack End Point TNS Clock 
    Info: ========= ============= =====================
    Info:     0.432         0.000 CLK 
Info: No Recovery paths to report
Info: No Removal paths to report
Info: Worst-case minimum pulse width slack is -3.000
    Info:     Slack End Point TNS Clock 
    Info: ========= ============= =====================
    Info:    -3.000        -7.461 CLK 
Info: Analyzing Slow 1200mV 0C Model
Info: Started post-fitting delay annotation
Info: Delay annotation completed successfully
Info: Deriving Clock Uncertainty
    Info: set_clock_uncertainty -rise_from [get_clocks {CLK}] -rise_to [get_clocks {CLK}] -setup 0.020
    Info: set_clock_uncertainty -rise_from [get_clocks {CLK}] -fall_to [get_clocks {CLK}] -setup 0.020
    Info: set_clock_uncertainty -fall_from [get_clocks {CLK}] -rise_to [get_clocks {CLK}] -setup 0.020
    Info: set_clock_uncertainty -fall_from [get_clocks {CLK}] -fall_to [get_clocks {CLK}] -setup 0.020
    Info: set_clock_uncertainty -rise_from [get_clocks {CLK}] -rise_to [get_clocks {CLK}] -hold 0.020
    Info: set_clock_uncertainty -rise_from [get_clocks {CLK}] -fall_to [get_clocks {CLK}] -hold 0.020
    Info: set_clock_uncertainty -fall_from [get_clocks {CLK}] -rise_to [get_clocks {CLK}] -hold 0.020
    Info: set_clock_uncertainty -fall_from [get_clocks {CLK}] -fall_to [get_clocks {CLK}] -hold 0.020
Critical Warning: Timing requirements not met
Info: Worst-case setup slack is -0.181
    Info:     Slack End Point TNS Clock 
    Info: ========= ============= =====================
    Info:    -0.181        -0.181 CLK 
Info: Worst-case hold slack is 0.380
    Info:     Slack End Point TNS Clock 
    Info: ========= ============= =====================
    Info:     0.380         0.000 CLK 
Info: No Recovery paths to report
Info: No Removal paths to report
Info: Worst-case minimum pulse width slack is -3.000
    Info:     Slack End Point TNS Clock 
    Info: ========= ============= =====================
    Info:    -3.000        -7.461 CLK 
Info: Analyzing Fast 1200mV 0C Model
Info: Started post-fitting delay annotation
Info: Delay annotation completed successfully
Info: Deriving Clock Uncertainty
    Info: set_clock_uncertainty -rise_from [get_clocks {CLK}] -rise_to [get_clocks {CLK}] -setup 0.020
    Info: set_clock_uncertainty -rise_from [get_clocks {CLK}] -fall_to [get_clocks {CLK}] -setup 0.020
    Info: set_clock_uncertainty -fall_from [get_clocks {CLK}] -rise_to [get_clocks {CLK}] -setup 0.020
    Info: set_clock_uncertainty -fall_from [get_clocks {CLK}] -fall_to [get_clocks {CLK}] -setup 0.020
    Info: set_clock_uncertainty -rise_from [get_clocks {CLK}] -rise_to [get_clocks {CLK}] -hold 0.020
    Info: set_clock_uncertainty -rise_from [get_clocks {CLK}] -fall_to [get_clocks {CLK}] -hold 0.020
    Info: set_clock_uncertainty -fall_from [get_clocks {CLK}] -rise_to [get_clocks {CLK}] -hold 0.020
    Info: set_clock_uncertainty -fall_from [get_clocks {CLK}] -fall_to [get_clocks {CLK}] -hold 0.020
Info: Worst-case setup slack is 0.428
    Info:     Slack End Point TNS Clock 
    Info: ========= ============= =====================
    Info:     0.428         0.000 CLK 
Info: Worst-case hold slack is 0.166
    Info:     Slack End Point TNS Clock 
    Info: ========= ============= =====================
    Info:     0.166         0.000 CLK 
Info: No Recovery paths to report
Info: No Removal paths to report
Critical Warning: Timing requirements not met
Info: Worst-case minimum pulse width slack is -3.000
    Info:     Slack End Point TNS Clock 
    Info: ========= ============= =====================
    Info:    -3.000        -6.183 CLK 
Info: Design is not fully constrained for setup requirements
Info: Design is not fully constrained for hold requirements
Info: Quartus II TimeQuest Timing Analyzer was successful. 0 errors, 4 warnings
    Info: Peak virtual memory: 262 megabytes
    Info: Processing ended: Sun Nov 23 19:58:35 2025
    Info: Elapsed time: 00:00:00
    Info: Total CPU time (on all processors): 00:00:00


