TimeQuest Timing Analyzer report for AllSubtractor
Sun Nov 16 19:25:13 2025
Quartus II Version 9.1 Build 350 03/24/2010 Service Pack 2 SJ Web Edition


---------------------
; Table of Contents ;
---------------------
  1. Legal Notice
  2. TimeQuest Timing Analyzer Summary
  3. Parallel Compilation
  4. Clocks
  5. Slow 1200mV 85C Model Fmax Summary
  6. Slow 1200mV 85C Model Setup Summary
  7. Slow 1200mV 85C Model Hold Summary
  8. Slow 1200mV 85C Model Recovery Summary
  9. Slow 1200mV 85C Model Removal Summary
 10. Slow 1200mV 85C Model Minimum Pulse Width Summary
 11. Propagation Delay
 12. Minimum Propagation Delay
 13. Slow 1200mV 85C Model Metastability Report
 14. Slow 1200mV 0C Model Fmax Summary
 15. Slow 1200mV 0C Model Setup Summary
 16. Slow 1200mV 0C Model Hold Summary
 17. Slow 1200mV 0C Model Recovery Summary
 18. Slow 1200mV 0C Model Removal Summary
 19. Slow 1200mV 0C Model Minimum Pulse Width Summary
 20. Propagation Delay
 21. Minimum Propagation Delay
 22. Slow 1200mV 0C Model Metastability Report
 23. Fast 1200mV 0C Model Setup Summary
 24. Fast 1200mV 0C Model Hold Summary
 25. Fast 1200mV 0C Model Recovery Summary
 26. Fast 1200mV 0C Model Removal Summary
 27. Fast 1200mV 0C Model Minimum Pulse Width Summary
 28. Propagation Delay
 29. Minimum Propagation Delay
 30. Fast 1200mV 0C Model Metastability Report
 31. Multicorner Timing Analysis Summary
 32. Progagation Delay
 33. Minimum Progagation Delay
 34. Board Trace Model Assignments
 35. Input Transition Times
 36. Slow Corner Signal Integrity Metrics
 37. Fast Corner Signal Integrity Metrics
 38. Clock Transfers
 39. Report TCCS
 40. Report RSKM
 41. Unconstrained Paths
 42. TimeQuest Timing Analyzer Messages



----------------
; Legal Notice ;
----------------
Copyright (C) 1991-2010 Altera Corporation
Your use of Altera Corporation's design tools, logic functions 
and other software and tools, and its AMPP partner logic 
functions, and any output files from any of the foregoing 
(including device programming or simulation files), and any 
associated documentation or information are expressly subject 
to the terms and conditions of the Altera Program License 
Subscription Agreement, Altera MegaCore Function License 
Agreement, or other applicable license agreement, including, 
without limitation, that your use is for the sole purpose of 
programming logic devices manufactured by Altera and sold by 
Altera or its authorized distributors.  Please refer to the 
applicable agreement for further details.



+-------------------------------------------------------------------------------------+
; TimeQuest Timing Analyzer Summary                                                   ;
+--------------------+----------------------------------------------------------------+
; Quartus II Version ; Version 9.1 Build 350 03/24/2010 Service Pack 2 SJ Web Edition ;
; Revision Name      ; AllSubtractor                                                  ;
; Device Family      ; Cyclone III                                                    ;
; Device Name        ; EP3C5E144C8                                                    ;
; Timing Models      ; Final                                                          ;
; Delay Model        ; Combined                                                       ;
; Rise/Fall Delays   ; Enabled                                                        ;
+--------------------+----------------------------------------------------------------+


Parallel compilation was disabled, but you have multiple processors available. Enable parallel compilation to reduce compilation time.
+-------------------------------------+
; Parallel Compilation                ;
+----------------------------+--------+
; Processors                 ; Number ;
+----------------------------+--------+
; Number detected on machine ; 12     ;
; Maximum allowed            ; 1      ;
+----------------------------+--------+


----------
; Clocks ;
----------
No clocks to report.


--------------------------------------
; Slow 1200mV 85C Model Fmax Summary ;
--------------------------------------
No paths to report.


---------------------------------------
; Slow 1200mV 85C Model Setup Summary ;
---------------------------------------
No paths to report.


--------------------------------------
; Slow 1200mV 85C Model Hold Summary ;
--------------------------------------
No paths to report.


------------------------------------------
; Slow 1200mV 85C Model Recovery Summary ;
------------------------------------------
No paths to report.


-----------------------------------------
; Slow 1200mV 85C Model Removal Summary ;
-----------------------------------------
No paths to report.


-----------------------------------------------------
; Slow 1200mV 85C Model Minimum Pulse Width Summary ;
-----------------------------------------------------
No paths to report.


+--------------------------------------------------------------+
; Propagation Delay                                            ;
+------------+-------------+--------+--------+--------+--------+
; Input Port ; Output Port ; RR     ; RF     ; FR     ; FF     ;
+------------+-------------+--------+--------+--------+--------+
; SIN1[0]    ; OUT_RCO     ;        ; 10.343 ; 10.580 ;        ;
; SIN1[0]    ; SOUT0       ; 9.362  ; 9.204  ; 9.554  ; 9.439  ;
; SIN1[0]    ; SOUT1       ; 9.587  ; 9.724  ; 9.793  ; 9.937  ;
; SIN1[0]    ; SOUT2       ; 10.499 ; 10.624 ; 10.711 ; 10.836 ;
; SIN1[0]    ; SOUT3       ; 11.712 ; 11.574 ; 11.924 ; 11.786 ;
; SIN1[1]    ; OUT_RCO     ;        ; 10.393 ; 10.663 ;        ;
; SIN1[1]    ; SOUT1       ; 9.637  ; 9.774  ; 9.876  ; 10.020 ;
; SIN1[1]    ; SOUT2       ; 10.549 ; 10.674 ; 10.794 ; 10.919 ;
; SIN1[1]    ; SOUT3       ; 11.762 ; 11.624 ; 12.007 ; 11.869 ;
; SIN1[2]    ; OUT_RCO     ;        ; 9.526  ; 9.795  ;        ;
; SIN1[2]    ; SOUT1       ; 8.770  ; 8.907  ; 9.008  ; 9.152  ;
; SIN1[2]    ; SOUT2       ; 9.682  ; 9.807  ; 9.926  ; 10.051 ;
; SIN1[2]    ; SOUT3       ; 10.895 ; 10.757 ; 11.139 ; 11.001 ;
; SIN1[3]    ; OUT_RCO     ;        ; 6.509  ; 6.705  ;        ;
; SIN1[3]    ; SOUT1       ; 5.753  ; 5.890  ; 5.918  ; 6.062  ;
; SIN1[3]    ; SOUT2       ; 6.665  ; 6.790  ; 6.836  ; 6.961  ;
; SIN1[3]    ; SOUT3       ; 7.878  ; 7.740  ; 8.049  ; 7.911  ;
; SIN2[0]    ; OUT_RCO     ; 9.981  ;        ;        ; 10.195 ;
; SIN2[0]    ; SOUT0       ; 8.964  ; 8.838  ; 9.218  ; 9.093  ;
; SIN2[0]    ; SOUT1       ; 9.194  ; 9.338  ; 9.439  ; 9.576  ;
; SIN2[0]    ; SOUT2       ; 10.112 ; 10.237 ; 10.351 ; 10.476 ;
; SIN2[0]    ; SOUT3       ; 11.325 ; 11.187 ; 11.564 ; 11.426 ;
; SIN2[1]    ; OUT_RCO     ; 9.824  ;        ;        ; 10.073 ;
; SIN2[1]    ; SOUT1       ; 9.037  ; 9.181  ; 9.317  ; 9.454  ;
; SIN2[1]    ; SOUT2       ; 9.955  ; 10.080 ; 10.229 ; 10.354 ;
; SIN2[1]    ; SOUT3       ; 11.168 ; 11.030 ; 11.442 ; 11.304 ;
; SIN2[2]    ; OUT_RCO     ; 9.292  ;        ;        ; 9.499  ;
; SIN2[2]    ; SOUT1       ; 8.505  ; 8.649  ; 8.743  ; 8.880  ;
; SIN2[2]    ; SOUT2       ; 9.423  ; 9.548  ; 9.655  ; 9.780  ;
; SIN2[2]    ; SOUT3       ; 10.636 ; 10.498 ; 10.868 ; 10.730 ;
; SIN2[3]    ; OUT_RCO     ; 6.263  ;        ;        ; 6.341  ;
; SIN2[3]    ; SOUT1       ; 5.476  ; 5.620  ; 5.585  ; 5.722  ;
; SIN2[3]    ; SOUT2       ; 6.394  ; 6.519  ; 6.497  ; 6.622  ;
; SIN2[3]    ; SOUT3       ; 7.607  ; 7.469  ; 7.710  ; 7.572  ;
+------------+-------------+--------+--------+--------+--------+


+------------------------------------------------------------+
; Minimum Propagation Delay                                  ;
+------------+-------------+-------+--------+--------+-------+
; Input Port ; Output Port ; RR    ; RF     ; FR     ; FF    ;
+------------+-------------+-------+--------+--------+-------+
; SIN1[0]    ; OUT_RCO     ;       ; 10.110 ; 10.337 ;       ;
; SIN1[0]    ; SOUT0       ; 9.109 ; 8.956  ; 9.293  ; 9.181 ;
; SIN1[0]    ; SOUT1       ; 8.051 ; 8.187  ; 8.276  ; 8.369 ;
; SIN1[0]    ; SOUT2       ; 8.887 ; 9.011  ; 9.113  ; 9.196 ;
; SIN1[0]    ; SOUT3       ; 9.869 ; 9.751  ; 10.086 ; 9.953 ;
; SIN1[1]    ; OUT_RCO     ;       ; 10.097 ; 10.313 ;       ;
; SIN1[1]    ; SOUT1       ; 8.766 ; 8.828  ; 8.927  ; 9.092 ;
; SIN1[1]    ; SOUT2       ; 8.929 ; 8.998  ; 9.090  ; 9.233 ;
; SIN1[1]    ; SOUT3       ; 9.856 ; 9.738  ; 10.062 ; 9.929 ;
; SIN1[2]    ; OUT_RCO     ;       ; 9.245  ; 9.481  ;       ;
; SIN1[2]    ; SOUT1       ; 8.460 ; 8.593  ; 8.663  ; 8.804 ;
; SIN1[2]    ; SOUT2       ; 8.475 ; 8.571  ; 8.669  ; 8.748 ;
; SIN1[2]    ; SOUT3       ; 9.004 ; 8.886  ; 9.230  ; 9.097 ;
; SIN1[3]    ; OUT_RCO     ;       ; 6.356  ; 6.524  ;       ;
; SIN1[3]    ; SOUT1       ; 5.571 ; 5.704  ; 5.706  ; 5.847 ;
; SIN1[3]    ; SOUT2       ; 5.689 ; 5.809  ; 5.823  ; 5.951 ;
; SIN1[3]    ; SOUT3       ; 5.602 ; 5.469  ; 5.729  ; 5.588 ;
; SIN2[0]    ; OUT_RCO     ; 9.702 ;        ;        ; 9.935 ;
; SIN2[0]    ; SOUT0       ; 8.646 ; 8.529  ; 8.906  ; 8.753 ;
; SIN2[0]    ; SOUT1       ; 7.676 ; 7.773  ; 7.927  ; 8.032 ;
; SIN2[0]    ; SOUT2       ; 8.484 ; 8.566  ; 8.689  ; 8.826 ;
; SIN2[0]    ; SOUT3       ; 9.451 ; 9.318  ; 9.694  ; 9.576 ;
; SIN2[1]    ; OUT_RCO     ; 9.612 ;        ;        ; 9.850 ;
; SIN2[1]    ; SOUT1       ; 8.228 ; 8.345  ; 8.458  ; 8.583 ;
; SIN2[1]    ; SOUT2       ; 8.391 ; 8.515  ; 8.621  ; 8.753 ;
; SIN2[1]    ; SOUT3       ; 9.361 ; 9.228  ; 9.609  ; 9.491 ;
; SIN2[2]    ; OUT_RCO     ; 9.103 ;        ;        ; 9.298 ;
; SIN2[2]    ; SOUT1       ; 8.285 ; 8.426  ; 8.513  ; 8.646 ;
; SIN2[2]    ; SOUT2       ; 8.296 ; 8.375  ; 8.530  ; 8.622 ;
; SIN2[2]    ; SOUT3       ; 8.852 ; 8.719  ; 9.057  ; 8.939 ;
; SIN2[3]    ; OUT_RCO     ; 6.200 ;        ;        ; 6.276 ;
; SIN2[3]    ; SOUT1       ; 5.382 ; 5.523  ; 5.491  ; 5.624 ;
; SIN2[3]    ; SOUT2       ; 5.499 ; 5.627  ; 5.609  ; 5.729 ;
; SIN2[3]    ; SOUT3       ; 5.774 ; 5.696  ; 5.952  ; 5.795 ;
+------------+-------------+-------+--------+--------+-------+


----------------------------------------------
; Slow 1200mV 85C Model Metastability Report ;
----------------------------------------------
No synchronizer chains to report.


-------------------------------------
; Slow 1200mV 0C Model Fmax Summary ;
-------------------------------------
No paths to report.


--------------------------------------
; Slow 1200mV 0C Model Setup Summary ;
--------------------------------------
No paths to report.


-------------------------------------
; Slow 1200mV 0C Model Hold Summary ;
-------------------------------------
No paths to report.


-----------------------------------------
; Slow 1200mV 0C Model Recovery Summary ;
-----------------------------------------
No paths to report.


----------------------------------------
; Slow 1200mV 0C Model Removal Summary ;
----------------------------------------
No paths to report.


----------------------------------------------------
; Slow 1200mV 0C Model Minimum Pulse Width Summary ;
----------------------------------------------------
No paths to report.


+--------------------------------------------------------------+
; Propagation Delay                                            ;
+------------+-------------+--------+--------+--------+--------+
; Input Port ; Output Port ; RR     ; RF     ; FR     ; FF     ;
+------------+-------------+--------+--------+--------+--------+
; SIN1[0]    ; OUT_RCO     ;        ; 9.850  ; 9.842  ;        ;
; SIN1[0]    ; SOUT0       ; 8.857  ; 8.620  ; 8.886  ; 8.687  ;
; SIN1[0]    ; SOUT1       ; 9.001  ; 9.192  ; 8.973  ; 9.170  ;
; SIN1[0]    ; SOUT2       ; 9.883  ; 10.056 ; 9.860  ; 10.033 ;
; SIN1[0]    ; SOUT3       ; 11.104 ; 10.889 ; 11.081 ; 10.866 ;
; SIN1[1]    ; OUT_RCO     ;        ; 9.874  ; 9.945  ;        ;
; SIN1[1]    ; SOUT1       ; 9.025  ; 9.216  ; 9.076  ; 9.273  ;
; SIN1[1]    ; SOUT2       ; 9.907  ; 10.080 ; 9.963  ; 10.136 ;
; SIN1[1]    ; SOUT3       ; 11.128 ; 10.913 ; 11.184 ; 10.969 ;
; SIN1[2]    ; OUT_RCO     ;        ; 9.061  ; 9.144  ;        ;
; SIN1[2]    ; SOUT1       ; 8.212  ; 8.403  ; 8.275  ; 8.472  ;
; SIN1[2]    ; SOUT2       ; 9.094  ; 9.267  ; 9.162  ; 9.335  ;
; SIN1[2]    ; SOUT3       ; 10.315 ; 10.100 ; 10.383 ; 10.168 ;
; SIN1[3]    ; OUT_RCO     ;        ; 6.367  ; 6.579  ;        ;
; SIN1[3]    ; SOUT1       ; 5.518  ; 5.709  ; 5.710  ; 5.907  ;
; SIN1[3]    ; SOUT2       ; 6.400  ; 6.573  ; 6.597  ; 6.770  ;
; SIN1[3]    ; SOUT3       ; 7.621  ; 7.406  ; 7.818  ; 7.603  ;
; SIN2[0]    ; OUT_RCO     ; 9.419  ;        ;        ; 9.581  ;
; SIN2[0]    ; SOUT0       ; 8.465  ; 8.260  ; 8.598  ; 8.395  ;
; SIN2[0]    ; SOUT1       ; 8.550  ; 8.747  ; 8.732  ; 8.923  ;
; SIN2[0]    ; SOUT2       ; 9.437  ; 9.610  ; 9.614  ; 9.787  ;
; SIN2[0]    ; SOUT3       ; 10.658 ; 10.443 ; 10.835 ; 10.620 ;
; SIN2[1]    ; OUT_RCO     ; 9.267  ;        ;        ; 9.474  ;
; SIN2[1]    ; SOUT1       ; 8.398  ; 8.595  ; 8.625  ; 8.816  ;
; SIN2[1]    ; SOUT2       ; 9.285  ; 9.458  ; 9.507  ; 9.680  ;
; SIN2[1]    ; SOUT3       ; 10.506 ; 10.291 ; 10.728 ; 10.513 ;
; SIN2[2]    ; OUT_RCO     ; 8.783  ;        ;        ; 8.944  ;
; SIN2[2]    ; SOUT1       ; 7.914  ; 8.111  ; 8.095  ; 8.286  ;
; SIN2[2]    ; SOUT2       ; 8.801  ; 8.974  ; 8.977  ; 9.150  ;
; SIN2[2]    ; SOUT3       ; 10.022 ; 9.807  ; 10.198 ; 9.983  ;
; SIN2[3]    ; OUT_RCO     ; 6.119  ;        ;        ; 6.273  ;
; SIN2[3]    ; SOUT1       ; 5.250  ; 5.447  ; 5.424  ; 5.615  ;
; SIN2[3]    ; SOUT2       ; 6.137  ; 6.310  ; 6.306  ; 6.479  ;
; SIN2[3]    ; SOUT3       ; 7.358  ; 7.143  ; 7.527  ; 7.312  ;
+------------+-------------+--------+--------+--------+--------+


+----------------------------------------------------------+
; Minimum Propagation Delay                                ;
+------------+-------------+-------+-------+-------+-------+
; Input Port ; Output Port ; RR    ; RF    ; FR    ; FF    ;
+------------+-------------+-------+-------+-------+-------+
; SIN1[0]    ; OUT_RCO     ;       ; 9.638 ; 9.632 ;       ;
; SIN1[0]    ; SOUT0       ; 8.626 ; 8.398 ; 8.653 ; 8.461 ;
; SIN1[0]    ; SOUT1       ; 7.556 ; 7.741 ; 7.620 ; 7.768 ;
; SIN1[0]    ; SOUT2       ; 8.317 ; 8.494 ; 8.382 ; 8.550 ;
; SIN1[0]    ; SOUT3       ; 9.355 ; 9.166 ; 9.354 ; 9.149 ;
; SIN1[1]    ; OUT_RCO     ;       ; 9.607 ; 9.634 ;       ;
; SIN1[1]    ; SOUT1       ; 8.176 ; 8.327 ; 8.225 ; 8.454 ;
; SIN1[1]    ; SOUT2       ; 8.336 ; 8.490 ; 8.385 ; 8.562 ;
; SIN1[1]    ; SOUT3       ; 9.324 ; 9.135 ; 9.356 ; 9.151 ;
; SIN1[2]    ; OUT_RCO     ;       ; 8.801 ; 8.864 ;       ;
; SIN1[2]    ; SOUT1       ; 7.928 ; 8.113 ; 7.968 ; 8.158 ;
; SIN1[2]    ; SOUT2       ; 7.931 ; 8.061 ; 7.980 ; 8.110 ;
; SIN1[2]    ; SOUT3       ; 8.518 ; 8.329 ; 8.586 ; 8.381 ;
; SIN1[3]    ; OUT_RCO     ;       ; 6.222 ; 6.411 ;       ;
; SIN1[3]    ; SOUT1       ; 5.349 ; 5.534 ; 5.515 ; 5.705 ;
; SIN1[3]    ; SOUT2       ; 5.463 ; 5.631 ; 5.629 ; 5.802 ;
; SIN1[3]    ; SOUT3       ; 5.474 ; 5.265 ; 5.642 ; 5.428 ;
; SIN2[0]    ; OUT_RCO     ; 9.162 ;       ;       ; 9.352 ;
; SIN2[0]    ; SOUT0       ; 8.171 ; 7.986 ; 8.317 ; 8.091 ;
; SIN2[0]    ; SOUT1       ; 7.194 ; 7.332 ; 7.326 ; 7.479 ;
; SIN2[0]    ; SOUT2       ; 7.918 ; 8.073 ; 8.015 ; 8.192 ;
; SIN2[0]    ; SOUT3       ; 8.884 ; 8.679 ; 9.069 ; 8.880 ;
; SIN2[1]    ; OUT_RCO     ; 9.080 ;       ;       ; 9.279 ;
; SIN2[1]    ; SOUT1       ; 7.673 ; 7.876 ; 7.793 ; 8.001 ;
; SIN2[1]    ; SOUT2       ; 7.833 ; 8.010 ; 7.953 ; 8.130 ;
; SIN2[1]    ; SOUT3       ; 8.802 ; 8.597 ; 8.996 ; 8.807 ;
; SIN2[2]    ; OUT_RCO     ; 8.615 ;       ;       ; 8.767 ;
; SIN2[2]    ; SOUT1       ; 7.719 ; 7.909 ; 7.894 ; 8.079 ;
; SIN2[2]    ; SOUT2       ; 7.735 ; 7.865 ; 7.885 ; 8.015 ;
; SIN2[2]    ; SOUT3       ; 8.337 ; 8.132 ; 8.484 ; 8.295 ;
; SIN2[3]    ; OUT_RCO     ; 6.062 ;       ;       ; 6.209 ;
; SIN2[3]    ; SOUT1       ; 5.166 ; 5.356 ; 5.336 ; 5.521 ;
; SIN2[3]    ; SOUT2       ; 5.280 ; 5.453 ; 5.450 ; 5.618 ;
; SIN2[3]    ; SOUT3       ; 5.629 ; 5.472 ; 5.840 ; 5.617 ;
+------------+-------------+-------+-------+-------+-------+


---------------------------------------------
; Slow 1200mV 0C Model Metastability Report ;
---------------------------------------------
No synchronizer chains to report.


--------------------------------------
; Fast 1200mV 0C Model Setup Summary ;
--------------------------------------
No paths to report.


-------------------------------------
; Fast 1200mV 0C Model Hold Summary ;
-------------------------------------
No paths to report.


-----------------------------------------
; Fast 1200mV 0C Model Recovery Summary ;
-----------------------------------------
No paths to report.


----------------------------------------
; Fast 1200mV 0C Model Removal Summary ;
----------------------------------------
No paths to report.


----------------------------------------------------
; Fast 1200mV 0C Model Minimum Pulse Width Summary ;
----------------------------------------------------
No paths to report.


+----------------------------------------------------------+
; Propagation Delay                                        ;
+------------+-------------+-------+-------+-------+-------+
; Input Port ; Output Port ; RR    ; RF    ; FR    ; FF    ;
+------------+-------------+-------+-------+-------+-------+
; SIN1[0]    ; OUT_RCO     ;       ; 5.087 ; 5.807 ;       ;
; SIN1[0]    ; SOUT0       ; 4.435 ; 4.513 ; 5.022 ; 5.118 ;
; SIN1[0]    ; SOUT1       ; 4.532 ; 4.493 ; 5.185 ; 5.153 ;
; SIN1[0]    ; SOUT2       ; 4.944 ; 4.866 ; 5.593 ; 5.515 ;
; SIN1[0]    ; SOUT3       ; 5.359 ; 5.457 ; 6.008 ; 6.106 ;
; SIN1[1]    ; OUT_RCO     ;       ; 5.142 ; 5.881 ;       ;
; SIN1[1]    ; SOUT1       ; 4.587 ; 4.548 ; 5.259 ; 5.227 ;
; SIN1[1]    ; SOUT2       ; 4.999 ; 4.921 ; 5.667 ; 5.589 ;
; SIN1[1]    ; SOUT3       ; 5.414 ; 5.512 ; 6.082 ; 6.180 ;
; SIN1[2]    ; OUT_RCO     ;       ; 4.760 ; 5.443 ;       ;
; SIN1[2]    ; SOUT1       ; 4.205 ; 4.166 ; 4.821 ; 4.789 ;
; SIN1[2]    ; SOUT2       ; 4.617 ; 4.539 ; 5.229 ; 5.151 ;
; SIN1[2]    ; SOUT3       ; 5.032 ; 5.130 ; 5.644 ; 5.742 ;
; SIN1[3]    ; OUT_RCO     ;       ; 3.380 ; 3.817 ;       ;
; SIN1[3]    ; SOUT1       ; 2.825 ; 2.786 ; 3.195 ; 3.163 ;
; SIN1[3]    ; SOUT2       ; 3.237 ; 3.159 ; 3.603 ; 3.525 ;
; SIN1[3]    ; SOUT3       ; 3.652 ; 3.750 ; 4.018 ; 4.116 ;
; SIN2[0]    ; OUT_RCO     ; 5.070 ;       ;       ; 5.519 ;
; SIN2[0]    ; SOUT0       ; 4.298 ; 4.389 ; 4.875 ; 4.957 ;
; SIN2[0]    ; SOUT1       ; 4.448 ; 4.416 ; 4.964 ; 4.925 ;
; SIN2[0]    ; SOUT2       ; 4.856 ; 4.778 ; 5.376 ; 5.298 ;
; SIN2[0]    ; SOUT3       ; 5.271 ; 5.369 ; 5.791 ; 5.889 ;
; SIN2[1]    ; OUT_RCO     ; 5.015 ;       ;       ; 5.487 ;
; SIN2[1]    ; SOUT1       ; 4.393 ; 4.361 ; 4.932 ; 4.893 ;
; SIN2[1]    ; SOUT2       ; 4.801 ; 4.723 ; 5.344 ; 5.266 ;
; SIN2[1]    ; SOUT3       ; 5.216 ; 5.314 ; 5.759 ; 5.857 ;
; SIN2[2]    ; OUT_RCO     ; 4.771 ;       ;       ; 5.213 ;
; SIN2[2]    ; SOUT1       ; 4.149 ; 4.117 ; 4.658 ; 4.619 ;
; SIN2[2]    ; SOUT2       ; 4.557 ; 4.479 ; 5.070 ; 4.992 ;
; SIN2[2]    ; SOUT3       ; 4.972 ; 5.070 ; 5.485 ; 5.583 ;
; SIN2[3]    ; OUT_RCO     ; 3.334 ;       ;       ; 3.590 ;
; SIN2[3]    ; SOUT1       ; 2.712 ; 2.680 ; 3.035 ; 2.996 ;
; SIN2[3]    ; SOUT2       ; 3.120 ; 3.042 ; 3.447 ; 3.369 ;
; SIN2[3]    ; SOUT3       ; 3.535 ; 3.633 ; 3.862 ; 3.960 ;
+------------+-------------+-------+-------+-------+-------+


+----------------------------------------------------------+
; Minimum Propagation Delay                                ;
+------------+-------------+-------+-------+-------+-------+
; Input Port ; Output Port ; RR    ; RF    ; FR    ; FF    ;
+------------+-------------+-------+-------+-------+-------+
; SIN1[0]    ; OUT_RCO     ;       ; 4.982 ; 5.695 ;       ;
; SIN1[0]    ; SOUT0       ; 4.319 ; 4.393 ; 4.898 ; 4.992 ;
; SIN1[0]    ; SOUT1       ; 3.913 ; 3.880 ; 4.512 ; 4.460 ;
; SIN1[0]    ; SOUT2       ; 4.294 ; 4.222 ; 4.874 ; 4.802 ;
; SIN1[0]    ; SOUT3       ; 4.596 ; 4.678 ; 5.242 ; 5.314 ;
; SIN1[1]    ; OUT_RCO     ;       ; 5.006 ; 5.716 ;       ;
; SIN1[1]    ; SOUT1       ; 4.235 ; 4.169 ; 4.824 ; 4.793 ;
; SIN1[1]    ; SOUT2       ; 4.320 ; 4.248 ; 4.920 ; 4.872 ;
; SIN1[1]    ; SOUT3       ; 4.620 ; 4.702 ; 5.263 ; 5.335 ;
; SIN1[2]    ; OUT_RCO     ;       ; 4.634 ; 5.300 ;       ;
; SIN1[2]    ; SOUT1       ; 4.066 ; 4.028 ; 4.664 ; 4.633 ;
; SIN1[2]    ; SOUT2       ; 4.092 ; 4.035 ; 4.665 ; 4.608 ;
; SIN1[2]    ; SOUT3       ; 4.248 ; 4.330 ; 4.847 ; 4.919 ;
; SIN1[3]    ; OUT_RCO     ;       ; 3.314 ; 3.737 ;       ;
; SIN1[3]    ; SOUT1       ; 2.746 ; 2.708 ; 3.101 ; 3.070 ;
; SIN1[3]    ; SOUT2       ; 2.822 ; 2.760 ; 3.177 ; 3.122 ;
; SIN1[3]    ; SOUT3       ; 2.706 ; 2.789 ; 3.055 ; 3.131 ;
; SIN2[0]    ; OUT_RCO     ; 4.951 ;       ;       ; 5.402 ;
; SIN2[0]    ; SOUT0       ; 4.154 ; 4.239 ; 4.727 ; 4.795 ;
; SIN2[0]    ; SOUT1       ; 3.785 ; 3.743 ; 4.355 ; 4.315 ;
; SIN2[0]    ; SOUT2       ; 4.140 ; 4.068 ; 4.704 ; 4.645 ;
; SIN2[0]    ; SOUT3       ; 4.498 ; 4.570 ; 5.016 ; 5.098 ;
; SIN2[1]    ; OUT_RCO     ; 4.921 ;       ;       ; 5.383 ;
; SIN2[1]    ; SOUT1       ; 4.030 ; 3.966 ; 4.603 ; 4.546 ;
; SIN2[1]    ; SOUT2       ; 4.117 ; 4.045 ; 4.697 ; 4.625 ;
; SIN2[1]    ; SOUT3       ; 4.468 ; 4.540 ; 4.997 ; 5.079 ;
; SIN2[2]    ; OUT_RCO     ; 4.681 ;       ;       ; 5.118 ;
; SIN2[2]    ; SOUT1       ; 4.045 ; 4.014 ; 4.550 ; 4.512 ;
; SIN2[2]    ; SOUT2       ; 4.042 ; 3.985 ; 4.578 ; 4.521 ;
; SIN2[2]    ; SOUT3       ; 4.228 ; 4.300 ; 4.732 ; 4.814 ;
; SIN2[3]    ; OUT_RCO     ; 3.306 ;       ;       ; 3.563 ;
; SIN2[3]    ; SOUT1       ; 2.670 ; 2.639 ; 2.995 ; 2.957 ;
; SIN2[3]    ; SOUT2       ; 2.746 ; 2.691 ; 3.071 ; 3.009 ;
; SIN2[3]    ; SOUT3       ; 2.779 ; 2.878 ; 3.155 ; 3.222 ;
+------------+-------------+-------+-------+-------+-------+


---------------------------------------------
; Fast 1200mV 0C Model Metastability Report ;
---------------------------------------------
No synchronizer chains to report.


+----------------------------------------------------------------------------+
; Multicorner Timing Analysis Summary                                        ;
+------------------+-------+------+----------+---------+---------------------+
; Clock            ; Setup ; Hold ; Recovery ; Removal ; Minimum Pulse Width ;
+------------------+-------+------+----------+---------+---------------------+
; Worst-case Slack ; N/A   ; N/A  ; N/A      ; N/A     ; N/A                 ;
; Design-wide TNS  ; 0.0   ; 0.0  ; 0.0      ; 0.0     ; 0.0                 ;
+------------------+-------+------+----------+---------+---------------------+


+--------------------------------------------------------------+
; Progagation Delay                                            ;
+------------+-------------+--------+--------+--------+--------+
; Input Port ; Output Port ; RR     ; RF     ; FR     ; FF     ;
+------------+-------------+--------+--------+--------+--------+
; SIN1[0]    ; OUT_RCO     ;        ; 10.343 ; 10.580 ;        ;
; SIN1[0]    ; SOUT0       ; 9.362  ; 9.204  ; 9.554  ; 9.439  ;
; SIN1[0]    ; SOUT1       ; 9.587  ; 9.724  ; 9.793  ; 9.937  ;
; SIN1[0]    ; SOUT2       ; 10.499 ; 10.624 ; 10.711 ; 10.836 ;
; SIN1[0]    ; SOUT3       ; 11.712 ; 11.574 ; 11.924 ; 11.786 ;
; SIN1[1]    ; OUT_RCO     ;        ; 10.393 ; 10.663 ;        ;
; SIN1[1]    ; SOUT1       ; 9.637  ; 9.774  ; 9.876  ; 10.020 ;
; SIN1[1]    ; SOUT2       ; 10.549 ; 10.674 ; 10.794 ; 10.919 ;
; SIN1[1]    ; SOUT3       ; 11.762 ; 11.624 ; 12.007 ; 11.869 ;
; SIN1[2]    ; OUT_RCO     ;        ; 9.526  ; 9.795  ;        ;
; SIN1[2]    ; SOUT1       ; 8.770  ; 8.907  ; 9.008  ; 9.152  ;
; SIN1[2]    ; SOUT2       ; 9.682  ; 9.807  ; 9.926  ; 10.051 ;
; SIN1[2]    ; SOUT3       ; 10.895 ; 10.757 ; 11.139 ; 11.001 ;
; SIN1[3]    ; OUT_RCO     ;        ; 6.509  ; 6.705  ;        ;
; SIN1[3]    ; SOUT1       ; 5.753  ; 5.890  ; 5.918  ; 6.062  ;
; SIN1[3]    ; SOUT2       ; 6.665  ; 6.790  ; 6.836  ; 6.961  ;
; SIN1[3]    ; SOUT3       ; 7.878  ; 7.740  ; 8.049  ; 7.911  ;
; SIN2[0]    ; OUT_RCO     ; 9.981  ;        ;        ; 10.195 ;
; SIN2[0]    ; SOUT0       ; 8.964  ; 8.838  ; 9.218  ; 9.093  ;
; SIN2[0]    ; SOUT1       ; 9.194  ; 9.338  ; 9.439  ; 9.576  ;
; SIN2[0]    ; SOUT2       ; 10.112 ; 10.237 ; 10.351 ; 10.476 ;
; SIN2[0]    ; SOUT3       ; 11.325 ; 11.187 ; 11.564 ; 11.426 ;
; SIN2[1]    ; OUT_RCO     ; 9.824  ;        ;        ; 10.073 ;
; SIN2[1]    ; SOUT1       ; 9.037  ; 9.181  ; 9.317  ; 9.454  ;
; SIN2[1]    ; SOUT2       ; 9.955  ; 10.080 ; 10.229 ; 10.354 ;
; SIN2[1]    ; SOUT3       ; 11.168 ; 11.030 ; 11.442 ; 11.304 ;
; SIN2[2]    ; OUT_RCO     ; 9.292  ;        ;        ; 9.499  ;
; SIN2[2]    ; SOUT1       ; 8.505  ; 8.649  ; 8.743  ; 8.880  ;
; SIN2[2]    ; SOUT2       ; 9.423  ; 9.548  ; 9.655  ; 9.780  ;
; SIN2[2]    ; SOUT3       ; 10.636 ; 10.498 ; 10.868 ; 10.730 ;
; SIN2[3]    ; OUT_RCO     ; 6.263  ;        ;        ; 6.341  ;
; SIN2[3]    ; SOUT1       ; 5.476  ; 5.620  ; 5.585  ; 5.722  ;
; SIN2[3]    ; SOUT2       ; 6.394  ; 6.519  ; 6.497  ; 6.622  ;
; SIN2[3]    ; SOUT3       ; 7.607  ; 7.469  ; 7.710  ; 7.572  ;
+------------+-------------+--------+--------+--------+--------+


+----------------------------------------------------------+
; Minimum Progagation Delay                                ;
+------------+-------------+-------+-------+-------+-------+
; Input Port ; Output Port ; RR    ; RF    ; FR    ; FF    ;
+------------+-------------+-------+-------+-------+-------+
; SIN1[0]    ; OUT_RCO     ;       ; 4.982 ; 5.695 ;       ;
; SIN1[0]    ; SOUT0       ; 4.319 ; 4.393 ; 4.898 ; 4.992 ;
; SIN1[0]    ; SOUT1       ; 3.913 ; 3.880 ; 4.512 ; 4.460 ;
; SIN1[0]    ; SOUT2       ; 4.294 ; 4.222 ; 4.874 ; 4.802 ;
; SIN1[0]    ; SOUT3       ; 4.596 ; 4.678 ; 5.242 ; 5.314 ;
; SIN1[1]    ; OUT_RCO     ;       ; 5.006 ; 5.716 ;       ;
; SIN1[1]    ; SOUT1       ; 4.235 ; 4.169 ; 4.824 ; 4.793 ;
; SIN1[1]    ; SOUT2       ; 4.320 ; 4.248 ; 4.920 ; 4.872 ;
; SIN1[1]    ; SOUT3       ; 4.620 ; 4.702 ; 5.263 ; 5.335 ;
; SIN1[2]    ; OUT_RCO     ;       ; 4.634 ; 5.300 ;       ;
; SIN1[2]    ; SOUT1       ; 4.066 ; 4.028 ; 4.664 ; 4.633 ;
; SIN1[2]    ; SOUT2       ; 4.092 ; 4.035 ; 4.665 ; 4.608 ;
; SIN1[2]    ; SOUT3       ; 4.248 ; 4.330 ; 4.847 ; 4.919 ;
; SIN1[3]    ; OUT_RCO     ;       ; 3.314 ; 3.737 ;       ;
; SIN1[3]    ; SOUT1       ; 2.746 ; 2.708 ; 3.101 ; 3.070 ;
; SIN1[3]    ; SOUT2       ; 2.822 ; 2.760 ; 3.177 ; 3.122 ;
; SIN1[3]    ; SOUT3       ; 2.706 ; 2.789 ; 3.055 ; 3.131 ;
; SIN2[0]    ; OUT_RCO     ; 4.951 ;       ;       ; 5.402 ;
; SIN2[0]    ; SOUT0       ; 4.154 ; 4.239 ; 4.727 ; 4.795 ;
; SIN2[0]    ; SOUT1       ; 3.785 ; 3.743 ; 4.355 ; 4.315 ;
; SIN2[0]    ; SOUT2       ; 4.140 ; 4.068 ; 4.704 ; 4.645 ;
; SIN2[0]    ; SOUT3       ; 4.498 ; 4.570 ; 5.016 ; 5.098 ;
; SIN2[1]    ; OUT_RCO     ; 4.921 ;       ;       ; 5.383 ;
; SIN2[1]    ; SOUT1       ; 4.030 ; 3.966 ; 4.603 ; 4.546 ;
; SIN2[1]    ; SOUT2       ; 4.117 ; 4.045 ; 4.697 ; 4.625 ;
; SIN2[1]    ; SOUT3       ; 4.468 ; 4.540 ; 4.997 ; 5.079 ;
; SIN2[2]    ; OUT_RCO     ; 4.681 ;       ;       ; 5.118 ;
; SIN2[2]    ; SOUT1       ; 4.045 ; 4.014 ; 4.550 ; 4.512 ;
; SIN2[2]    ; SOUT2       ; 4.042 ; 3.985 ; 4.578 ; 4.521 ;
; SIN2[2]    ; SOUT3       ; 4.228 ; 4.300 ; 4.732 ; 4.814 ;
; SIN2[3]    ; OUT_RCO     ; 3.306 ;       ;       ; 3.563 ;
; SIN2[3]    ; SOUT1       ; 2.670 ; 2.639 ; 2.995 ; 2.957 ;
; SIN2[3]    ; SOUT2       ; 2.746 ; 2.691 ; 3.071 ; 3.009 ;
; SIN2[3]    ; SOUT3       ; 2.779 ; 2.878 ; 3.155 ; 3.222 ;
+------------+-------------+-------+-------+-------+-------+


+------------------------------------------------------------------------------------------------------------------------------------------------------------------------------------------------------------------------------------------------------------------------------------------------------------------------------------------------------------------+
; Board Trace Model Assignments                                                                                                                                                                                                                                                                                                                                    ;
+---------------+--------------+-------------------+-------------------------+-------------------------+---------------+---------------------+----------------+------------------+--------+------------------+------------------------+------------------------+--------------+---------------+-----------------+-------+---------------------+--------------------+
; Pin           ; I/O Standard ; Near Tline Length ; Near Tline L per Length ; Near Tline C per Length ; Near Series R ; Near Differential R ; Near Pull-up R ; Near Pull-down R ; Near C ; Far Tline Length ; Far Tline L per Length ; Far Tline C per Length ; Far Series R ; Far Pull-up R ; Far Pull-down R ; Far C ; Termination Voltage ; Far Differential R ;
+---------------+--------------+-------------------+-------------------------+-------------------------+---------------+---------------------+----------------+------------------+--------+------------------+------------------------+------------------------+--------------+---------------+-----------------+-------+---------------------+--------------------+
; OUT_RCO       ; 2.5 V        ; 0 in              ; 0 H/in                  ; 0 F/in                  ; short         ; -                   ; open           ; open             ; open   ; 0 in             ; 0 H/in                 ; 0 F/in                 ; short        ; open          ; open            ; open  ; 0 V                 ; -                  ;
; SOUT0         ; 2.5 V        ; 0 in              ; 0 H/in                  ; 0 F/in                  ; short         ; -                   ; open           ; open             ; open   ; 0 in             ; 0 H/in                 ; 0 F/in                 ; short        ; open          ; open            ; open  ; 0 V                 ; -                  ;
; SOUT1         ; 2.5 V        ; 0 in              ; 0 H/in                  ; 0 F/in                  ; short         ; -                   ; open           ; open             ; open   ; 0 in             ; 0 H/in                 ; 0 F/in                 ; short        ; open          ; open            ; open  ; 0 V                 ; -                  ;
; SOUT2         ; 2.5 V        ; 0 in              ; 0 H/in                  ; 0 F/in                  ; short         ; -                   ; open           ; open             ; open   ; 0 in             ; 0 H/in                 ; 0 F/in                 ; short        ; open          ; open            ; open  ; 0 V                 ; -                  ;
; SOUT3         ; 2.5 V        ; 0 in              ; 0 H/in                  ; 0 F/in                  ; short         ; -                   ; open           ; open             ; open   ; 0 in             ; 0 H/in                 ; 0 F/in                 ; short        ; open          ; open            ; open  ; 0 V                 ; -                  ;
; ~ALTERA_DCLK~ ; 2.5 V        ; 0 in              ; 0 H/in                  ; 0 F/in                  ; short         ; -                   ; open           ; open             ; open   ; 0 in             ; 0 H/in                 ; 0 F/in                 ; short        ; open          ; open            ; open  ; 0 V                 ; -                  ;
; ~ALTERA_nCEO~ ; 2.5 V        ; 0 in              ; 0 H/in                  ; 0 F/in                  ; short         ; -                   ; open           ; open             ; open   ; 0 in             ; 0 H/in                 ; 0 F/in                 ; short        ; open          ; open            ; open  ; 0 V                 ; -                  ;
+---------------+--------------+-------------------+-------------------------+-------------------------+---------------+---------------------+----------------+------------------+--------+------------------+------------------------+------------------------+--------------+---------------+-----------------+-------+---------------------+--------------------+


+----------------------------------------------------------------------------+
; Input Transition Times                                                     ;
+-------------------------+--------------+-----------------+-----------------+
; Pin                     ; I/O Standard ; 10-90 Rise Time ; 90-10 Fall Time ;
+-------------------------+--------------+-----------------+-----------------+
; SIN1[1]                 ; 2.5 V        ; 2000 ps         ; 2000 ps         ;
; SIN1[0]                 ; 2.5 V        ; 2000 ps         ; 2000 ps         ;
; SIN2[0]                 ; 2.5 V        ; 2000 ps         ; 2000 ps         ;
; SIN2[1]                 ; 2.5 V        ; 2000 ps         ; 2000 ps         ;
; SIN1[2]                 ; 2.5 V        ; 2000 ps         ; 2000 ps         ;
; SIN2[2]                 ; 2.5 V        ; 2000 ps         ; 2000 ps         ;
; SIN1[3]                 ; 2.5 V        ; 2000 ps         ; 2000 ps         ;
; SIN2[3]                 ; 2.5 V        ; 2000 ps         ; 2000 ps         ;
; ~ALTERA_ASDO_DATA1~     ; 2.5 V        ; 2000 ps         ; 2000 ps         ;
; ~ALTERA_FLASH_nCE_nCSO~ ; 2.5 V        ; 2000 ps         ; 2000 ps         ;
; ~ALTERA_DATA0~          ; 2.5 V        ; 2000 ps         ; 2000 ps         ;
+-------------------------+--------------+-----------------+-----------------+


+--------------------------------------------------------------------------------------------------------------------------------------------------------------------------------------------------------------------------------------------------------------------------------------------------------------------------------------------------------------------------------------------------------------------------------------------------------------------------------------------------------------------------------------------------------------------------------------------------------------------------------------------------------------------------------------------+
; Slow Corner Signal Integrity Metrics                                                                                                                                                                                                                                                                                                                                                                                                                                                                                                                                                                                                                                                       ;
+---------------+--------------+---------------------+---------------------+------------------------------+------------------------------+---------------------+---------------------+--------------------------------------+--------------------------------------+-----------------------------+-----------------------------+----------------------------+----------------------------+-----------------------------+-----------------------------+--------------------+--------------------+-------------------------------------+-------------------------------------+----------------------------+----------------------------+---------------------------+---------------------------+
; Pin           ; I/O Standard ; Board Delay on Rise ; Board Delay on Fall ; Steady State Voh at FPGA Pin ; Steady State Vol at FPGA Pin ; Voh Max at FPGA Pin ; Vol Min at FPGA Pin ; Ringback Voltage on Rise at FPGA Pin ; Ringback Voltage on Fall at FPGA Pin ; 10-90 Rise Time at FPGA Pin ; 90-10 Fall Time at FPGA Pin ; Monotonic Rise at FPGA Pin ; Monotonic Fall at FPGA Pin ; Steady State Voh at Far-end ; Steady State Vol at Far-end ; Voh Max at Far-end ; Vol Min at Far-end ; Ringback Voltage on Rise at Far-end ; Ringback Voltage on Fall at Far-end ; 10-90 Rise Time at Far-end ; 90-10 Fall Time at Far-end ; Monotonic Rise at Far-end ; Monotonic Fall at Far-end ;
+---------------+--------------+---------------------+---------------------+------------------------------+------------------------------+---------------------+---------------------+--------------------------------------+--------------------------------------+-----------------------------+-----------------------------+----------------------------+----------------------------+-----------------------------+-----------------------------+--------------------+--------------------+-------------------------------------+-------------------------------------+----------------------------+----------------------------+---------------------------+---------------------------+
; OUT_RCO       ; 2.5 V        ; 0 s                 ; 0 s                 ; 2.32 V                       ; 1.91e-007 V                  ; 2.33 V              ; -0.00219 V          ; 0.108 V                              ; 0.043 V                              ; 3.76e-009 s                 ; 3.48e-009 s                 ; Yes                        ; Yes                        ; 2.32 V                      ; 1.91e-007 V                 ; 2.33 V             ; -0.00219 V         ; 0.108 V                             ; 0.043 V                             ; 3.76e-009 s                ; 3.48e-009 s                ; Yes                       ; Yes                       ;
; SOUT0         ; 2.5 V        ; 0 s                 ; 0 s                 ; 2.32 V                       ; 1.91e-007 V                  ; 2.35 V              ; -0.00735 V          ; 0.126 V                              ; 0.011 V                              ; 4.7e-010 s                  ; 4.63e-010 s                 ; Yes                        ; Yes                        ; 2.32 V                      ; 1.91e-007 V                 ; 2.35 V             ; -0.00735 V         ; 0.126 V                             ; 0.011 V                             ; 4.7e-010 s                 ; 4.63e-010 s                ; Yes                       ; Yes                       ;
; SOUT1         ; 2.5 V        ; 0 s                 ; 0 s                 ; 2.32 V                       ; 1.91e-007 V                  ; 2.35 V              ; -0.00735 V          ; 0.126 V                              ; 0.011 V                              ; 4.7e-010 s                  ; 4.63e-010 s                 ; Yes                        ; Yes                        ; 2.32 V                      ; 1.91e-007 V                 ; 2.35 V             ; -0.00735 V         ; 0.126 V                             ; 0.011 V                             ; 4.7e-010 s                 ; 4.63e-010 s                ; Yes                       ; Yes                       ;
; SOUT2         ; 2.5 V        ; 0 s                 ; 0 s                 ; 2.32 V                       ; 1.91e-007 V                  ; 2.34 V              ; -0.00803 V          ; 0.14 V                               ; 0.045 V                              ; 6.89e-010 s                 ; 6.56e-010 s                 ; Yes                        ; Yes                        ; 2.32 V                      ; 1.91e-007 V                 ; 2.34 V             ; -0.00803 V         ; 0.14 V                              ; 0.045 V                             ; 6.89e-010 s                ; 6.56e-010 s                ; Yes                       ; Yes                       ;
; SOUT3         ; 2.5 V        ; 0 s                 ; 0 s                 ; 2.32 V                       ; 1.91e-007 V                  ; 2.34 V              ; -0.00803 V          ; 0.14 V                               ; 0.045 V                              ; 6.89e-010 s                 ; 6.56e-010 s                 ; Yes                        ; Yes                        ; 2.32 V                      ; 1.91e-007 V                 ; 2.34 V             ; -0.00803 V         ; 0.14 V                              ; 0.045 V                             ; 6.89e-010 s                ; 6.56e-010 s                ; Yes                       ; Yes                       ;
; ~ALTERA_DCLK~ ; 2.5 V        ; 0 s                 ; 0 s                 ; 2.32 V                       ; 1.53e-007 V                  ; 2.35 V              ; -0.00333 V          ; 0.096 V                              ; 0.006 V                              ; 4.5e-010 s                  ; 3.85e-010 s                 ; Yes                        ; Yes                        ; 2.32 V                      ; 1.53e-007 V                 ; 2.35 V             ; -0.00333 V         ; 0.096 V                             ; 0.006 V                             ; 4.5e-010 s                 ; 3.85e-010 s                ; Yes                       ; Yes                       ;
; ~ALTERA_nCEO~ ; 2.5 V        ; 0 s                 ; 0 s                 ; 2.32 V                       ; 2.51e-007 V                  ; 2.34 V              ; -0.00726 V          ; 0.108 V                              ; 0.026 V                              ; 6.58e-010 s                 ; 8.2e-010 s                  ; Yes                        ; Yes                        ; 2.32 V                      ; 2.51e-007 V                 ; 2.34 V             ; -0.00726 V         ; 0.108 V                             ; 0.026 V                             ; 6.58e-010 s                ; 8.2e-010 s                 ; Yes                       ; Yes                       ;
+---------------+--------------+---------------------+---------------------+------------------------------+------------------------------+---------------------+---------------------+--------------------------------------+--------------------------------------+-----------------------------+-----------------------------+----------------------------+----------------------------+-----------------------------+-----------------------------+--------------------+--------------------+-------------------------------------+-------------------------------------+----------------------------+----------------------------+---------------------------+---------------------------+


+--------------------------------------------------------------------------------------------------------------------------------------------------------------------------------------------------------------------------------------------------------------------------------------------------------------------------------------------------------------------------------------------------------------------------------------------------------------------------------------------------------------------------------------------------------------------------------------------------------------------------------------------------------------------------------------------+
; Fast Corner Signal Integrity Metrics                                                                                                                                                                                                                                                                                                                                                                                                                                                                                                                                                                                                                                                       ;
+---------------+--------------+---------------------+---------------------+------------------------------+------------------------------+---------------------+---------------------+--------------------------------------+--------------------------------------+-----------------------------+-----------------------------+----------------------------+----------------------------+-----------------------------+-----------------------------+--------------------+--------------------+-------------------------------------+-------------------------------------+----------------------------+----------------------------+---------------------------+---------------------------+
; Pin           ; I/O Standard ; Board Delay on Rise ; Board Delay on Fall ; Steady State Voh at FPGA Pin ; Steady State Vol at FPGA Pin ; Voh Max at FPGA Pin ; Vol Min at FPGA Pin ; Ringback Voltage on Rise at FPGA Pin ; Ringback Voltage on Fall at FPGA Pin ; 10-90 Rise Time at FPGA Pin ; 90-10 Fall Time at FPGA Pin ; Monotonic Rise at FPGA Pin ; Monotonic Fall at FPGA Pin ; Steady State Voh at Far-end ; Steady State Vol at Far-end ; Voh Max at Far-end ; Vol Min at Far-end ; Ringback Voltage on Rise at Far-end ; Ringback Voltage on Fall at Far-end ; 10-90 Rise Time at Far-end ; 90-10 Fall Time at Far-end ; Monotonic Rise at Far-end ; Monotonic Fall at Far-end ;
+---------------+--------------+---------------------+---------------------+------------------------------+------------------------------+---------------------+---------------------+--------------------------------------+--------------------------------------+-----------------------------+-----------------------------+----------------------------+----------------------------+-----------------------------+-----------------------------+--------------------+--------------------+-------------------------------------+-------------------------------------+----------------------------+----------------------------+---------------------------+---------------------------+
; OUT_RCO       ; 2.5 V        ; 0 s                 ; 0 s                 ; 2.62 V                       ; 2.7e-008 V                   ; 2.64 V              ; -0.0118 V           ; 0.201 V                              ; 0.173 V                              ; 2.38e-009 s                 ; 2.19e-009 s                 ; No                         ; Yes                        ; 2.62 V                      ; 2.7e-008 V                  ; 2.64 V             ; -0.0118 V          ; 0.201 V                             ; 0.173 V                             ; 2.38e-009 s                ; 2.19e-009 s                ; No                        ; Yes                       ;
; SOUT0         ; 2.5 V        ; 0 s                 ; 0 s                 ; 2.62 V                       ; 2.7e-008 V                   ; 2.72 V              ; -0.0401 V           ; 0.163 V                              ; 0.091 V                              ; 2.71e-010 s                 ; 2.61e-010 s                 ; Yes                        ; Yes                        ; 2.62 V                      ; 2.7e-008 V                  ; 2.72 V             ; -0.0401 V          ; 0.163 V                             ; 0.091 V                             ; 2.71e-010 s                ; 2.61e-010 s                ; Yes                       ; Yes                       ;
; SOUT1         ; 2.5 V        ; 0 s                 ; 0 s                 ; 2.62 V                       ; 2.7e-008 V                   ; 2.72 V              ; -0.0401 V           ; 0.163 V                              ; 0.091 V                              ; 2.71e-010 s                 ; 2.61e-010 s                 ; Yes                        ; Yes                        ; 2.62 V                      ; 2.7e-008 V                  ; 2.72 V             ; -0.0401 V          ; 0.163 V                             ; 0.091 V                             ; 2.71e-010 s                ; 2.61e-010 s                ; Yes                       ; Yes                       ;
; SOUT2         ; 2.5 V        ; 0 s                 ; 0 s                 ; 2.62 V                       ; 2.7e-008 V                   ; 2.71 V              ; -0.0352 V           ; 0.147 V                              ; 0.066 V                              ; 4.51e-010 s                 ; 4.15e-010 s                 ; No                         ; Yes                        ; 2.62 V                      ; 2.7e-008 V                  ; 2.71 V             ; -0.0352 V          ; 0.147 V                             ; 0.066 V                             ; 4.51e-010 s                ; 4.15e-010 s                ; No                        ; Yes                       ;
; SOUT3         ; 2.5 V        ; 0 s                 ; 0 s                 ; 2.62 V                       ; 2.7e-008 V                   ; 2.71 V              ; -0.0352 V           ; 0.147 V                              ; 0.066 V                              ; 4.51e-010 s                 ; 4.15e-010 s                 ; No                         ; Yes                        ; 2.62 V                      ; 2.7e-008 V                  ; 2.71 V             ; -0.0352 V          ; 0.147 V                             ; 0.066 V                             ; 4.51e-010 s                ; 4.15e-010 s                ; No                        ; Yes                       ;
; ~ALTERA_DCLK~ ; 2.5 V        ; 0 s                 ; 0 s                 ; 2.62 V                       ; 2.2e-008 V                   ; 2.74 V              ; -0.061 V            ; 0.159 V                              ; 0.078 V                              ; 2.7e-010 s                  ; 2.2e-010 s                  ; No                         ; Yes                        ; 2.62 V                      ; 2.2e-008 V                  ; 2.74 V             ; -0.061 V           ; 0.159 V                             ; 0.078 V                             ; 2.7e-010 s                 ; 2.2e-010 s                 ; No                        ; Yes                       ;
; ~ALTERA_nCEO~ ; 2.5 V        ; 0 s                 ; 0 s                 ; 2.62 V                       ; 3.52e-008 V                  ; 2.7 V               ; -0.012 V            ; 0.274 V                              ; 0.034 V                              ; 3.18e-010 s                 ; 4.96e-010 s                 ; No                         ; Yes                        ; 2.62 V                      ; 3.52e-008 V                 ; 2.7 V              ; -0.012 V           ; 0.274 V                             ; 0.034 V                             ; 3.18e-010 s                ; 4.96e-010 s                ; No                        ; Yes                       ;
+---------------+--------------+---------------------+---------------------+------------------------------+------------------------------+---------------------+---------------------+--------------------------------------+--------------------------------------+-----------------------------+-----------------------------+----------------------------+----------------------------+-----------------------------+-----------------------------+--------------------+--------------------+-------------------------------------+-------------------------------------+----------------------------+----------------------------+---------------------------+---------------------------+


-------------------
; Clock Transfers ;
-------------------
Nothing to report.


---------------
; Report TCCS ;
---------------
No dedicated SERDES Transmitter circuitry present in device or used in design


---------------
; Report RSKM ;
---------------
No dedicated SERDES Receiver circuitry present in device or used in design


+------------------------------------------------+
; Unconstrained Paths                            ;
+---------------------------------+-------+------+
; Property                        ; Setup ; Hold ;
+---------------------------------+-------+------+
; Illegal Clocks                  ; 0     ; 0    ;
; Unconstrained Clocks            ; 0     ; 0    ;
; Unconstrained Input Ports       ; 8     ; 8    ;
; Unconstrained Input Port Paths  ; 34    ; 34   ;
; Unconstrained Output Ports      ; 5     ; 5    ;
; Unconstrained Output Port Paths ; 34    ; 34   ;
+---------------------------------+-------+------+


+------------------------------------+
; TimeQuest Timing Analyzer Messages ;
+------------------------------------+
Info: *******************************************************************
Info: Running Quartus II TimeQuest Timing Analyzer
    Info: Version 9.1 Build 350 03/24/2010 Service Pack 2 SJ Web Edition
    Info: Processing started: Sun Nov 16 19:25:11 2025
Info: Command: quartus_sta AllSubtractor -c AllSubtractor
Info: qsta_default_script.tcl version: #1
Info: Core supply voltage is 1.2V
Info: Low junction temperature is 0 degrees C
Info: High junction temperature is 85 degrees C
Critical Warning: Synopsys Design Constraints File file not found: 'AllSubtractor.sdc'. A Synopsys Design Constraints File is required by the TimeQuest Timing Analyzer to get proper timing constraints. Without it, the Compiler will not properly optimize the design.
Info: No user constrained base clocks found in the design. Calling "derive_clocks -period 1.0"
Info: The command derive_clocks did not find any clocks to derive.  No clocks were created or changed.
Warning: No clocks defined in design.
Info: No user constrained clock uncertainty found in the design. Calling "derive_clock_uncertainty"
Info: The derive_clock_uncertainty command did not apply clock uncertainty to any clock-to-clock transfers.
Info: No clocks to report
Info: Analyzing Slow 1200mV 85C Model
Info: No fmax paths to report
Info: No Setup paths to report
Info: No Hold paths to report
Info: No Recovery paths to report
Info: No Removal paths to report
Info: No Minimum Pulse Width paths to report
Info: Analyzing Slow 1200mV 0C Model
Info: Started post-fitting delay annotation
Info: Delay annotation completed successfully
Info: No user constrained base clocks found in the design. Calling "derive_clocks -period 1.0"
Info: The command derive_clocks did not find any clocks to derive.  No clocks were created or changed.
Warning: No clocks defined in design.
Info: The derive_clock_uncertainty command did not apply clock uncertainty to any clock-to-clock transfers.
Info: No fmax paths to report
Info: No Setup paths to report
Info: No Hold paths to report
Info: No Recovery paths to report
Info: No Removal paths to report
Info: No Minimum Pulse Width paths to report
Info: Analyzing Fast 1200mV 0C Model
Info: Started post-fitting delay annotation
Info: Delay annotation completed successfully
Info: No user constrained base clocks found in the design. Calling "derive_clocks -period 1.0"
Info: The command derive_clocks did not find any clocks to derive.  No clocks were created or changed.
Warning: No clocks defined in design.
Info: The derive_clock_uncertainty command did not apply clock uncertainty to any clock-to-clock transfers.
Info: No Setup paths to report
Info: No Hold paths to report
Info: No Recovery paths to report
Info: No Removal paths to report
Info: No Minimum Pulse Width paths to report
Info: Design is not fully constrained for setup requirements
Info: Design is not fully constrained for hold requirements
Info: Quartus II TimeQuest Timing Analyzer was successful. 0 errors, 4 warnings
    Info: Peak virtual memory: 263 megabytes
    Info: Processing ended: Sun Nov 16 19:25:12 2025
    Info: Elapsed time: 00:00:01
    Info: Total CPU time (on all processors): 00:00:00


